Sep 24 13:34:27 vmi2705132.contaboserver.net sshd[1256277]: Received disconnect from 89.111.131.103 port 45616:11: Bye Bye [preauth]
Sep 24 13:34:27 vmi2705132.contaboserver.net sshd[1256277]: Disconnected from invalid user sham 89.111.131.103 port 45616 [preauth]
Sep 24 13:34:27 vmi2705132.contaboserver.net sshd[1256279]: Invalid user tuan from 27.112.79.123 port 53750
Sep 24 13:34:27 vmi2705132.contaboserver.net sshd[1256279]: [0;1;39m[0;1;31m[0;1;39mpam_unix(sshd:auth): check pass; user unknown[0m
Sep 24 13:34:27 vmi2705132.contaboserver.net sshd[1256279]: [0;1;39m[0;1;31m[0;1;39mpam_unix(sshd:auth): authentication failure; logname= uid=0 euid=0 tty=ssh ruser= rhost=27.112.79.123[0m
Sep 24 13:34:27 vmi2705132.contaboserver.net sshd[1256271]: Received disconnect from 80.94.95.112 port 63142:11: Bye [preauth]
Sep 24 13:34:27 vmi2705132.contaboserver.net sshd[1256271]: Disconnected from invalid user user 80.94.95.112 port 63142 [preauth]
Sep 24 13:34:27 vmi2705132.contaboserver.net sshd[1256271]: [0;1;39m[0;1;31m[0;1;39mPAM 4 more authentication failures; logname= uid=0 euid=0 tty=ssh ruser= rhost=80.94.95.112[0m
Sep 24 13:34:27 vmi2705132.contaboserver.net sshd[1256271]: [0;1;39m[0;1;31m[0;1;39mPAM service(sshd) ignoring max retries; 5 > 3[0m
Sep 24 13:34:28 vmi2705132.contaboserver.net sshd[1256281]: Failed password for root from 188.166.169.185 port 58868 ssh2
Sep 24 13:34:28 vmi2705132.contaboserver.net sshd[1256281]: Received disconnect from 188.166.169.185 port 58868:11: Bye Bye [preauth]
Sep 24 13:34:28 vmi2705132.contaboserver.net sshd[1256281]: Disconnected from authenticating user root 188.166.169.185 port 58868 [preauth]
Sep 24 13:34:29 vmi2705132.contaboserver.net sshd[1256283]: Invalid user steam from 45.119.80.10 port 47296
Sep 24 13:34:29 vmi2705132.contaboserver.net sshd[1256283]: [0;1;39m[0;1;31m[0;1;39mpam_unix(sshd:auth): check pass; user unknown[0m
Sep 24 13:34:29 vmi2705132.contaboserver.net sshd[1256283]: [0;1;39m[0;1;31m[0;1;39mpam_unix(sshd:auth): authentication failure; logname= uid=0 euid=0 tty=ssh ruser= rhost=45.119.80.10[0m
Sep 24 13:34:30 vmi2705132.contaboserver.net sshd[1256279]: Failed password for invalid user tuan from 27.112.79.123 port 53750 ssh2
Sep 24 13:34:32 vmi2705132.contaboserver.net sshd[1256283]: Failed password for invalid user steam from 45.119.80.10 port 47296 ssh2
Sep 24 13:34:32 vmi2705132.contaboserver.net sshd[1256279]: Received disconnect from 27.112.79.123 port 53750:11: Bye Bye [preauth]
Sep 24 13:34:32 vmi2705132.contaboserver.net sshd[1256279]: Disconnected from invalid user tuan 27.112.79.123 port 53750 [preauth]
Sep 24 13:34:33 vmi2705132.contaboserver.net sshd[1256283]: Received disconnect from 45.119.80.10 port 47296:11: Bye Bye [preauth]
Sep 24 13:34:33 vmi2705132.contaboserver.net sshd[1256283]: Disconnected from invalid user steam 45.119.80.10 port 47296 [preauth]
Sep 24 13:34:35 vmi2705132.contaboserver.net sshd[1256286]: Invalid user drcomadmin from 43.156.137.214 port 44942
Sep 24 13:34:35 vmi2705132.contaboserver.net sshd[1256286]: [0;1;39m[0;1;31m[0;1;39mpam_unix(sshd:auth): check pass; user unknown[0m
Sep 24 13:34:35 vmi2705132.contaboserver.net sshd[1256286]: [0;1;39m[0;1;31m[0;1;39mpam_unix(sshd:auth): authentication failure; logname= uid=0 euid=0 tty=ssh ruser= rhost=43.156.137.214[0m
Sep 24 13:34:37 vmi2705132.contaboserver.net sshd[1256286]: Failed password for invalid user drcomadmin from 43.156.137.214 port 44942 ssh2
Sep 24 13:34:37 vmi2705132.contaboserver.net sshd[1256286]: Received disconnect from 43.156.137.214 port 44942:11: Bye Bye [preauth]
Sep 24 13:34:37 vmi2705132.contaboserver.net sshd[1256286]: Disconnected from invalid user drcomadmin 43.156.137.214 port 44942 [preauth]
Sep 24 13:34:38 vmi2705132.contaboserver.net sshd[1256288]: [0;1;39m[0;1;31m[0;1;39mpam_unix(sshd:auth): authentication failure; logname= uid=0 euid=0 tty=ssh ruser= rhost=217.160.7.83  user=root[0m
Sep 24 13:34:40 vmi2705132.contaboserver.net sshd[1256288]: Failed password for root from 217.160.7.83 port 51440 ssh2
Sep 24 13:34:40 vmi2705132.contaboserver.net sshd[1256288]: Received disconnect from 217.160.7.83 port 51440:11: Bye Bye [preauth]
Sep 24 13:34:40 vmi2705132.contaboserver.net sshd[1256288]: Disconnected from authenticating user root 217.160.7.83 port 51440 [preauth]
Sep 24 13:34:42 vmi2705132.contaboserver.net kernel: [0;1;38;5;185m[0;1;39m[0;1;38;5;185m[UFW BLOCK] IN=eth0 OUT= MAC=00:50:56:5b:c9:b3:c0:69:11:cd:1b:b9:08:00 SRC=20.171.25.224 DST=161.97.100.37 LEN=40 TOS=0x00 PREC=0x00 TTL=241 ID=54321 PROTO=TCP SPT=45058 DPT=45000 WINDOW=65535 RES=0x00 SYN URGP=0 [0m
Sep 24 13:34:53 vmi2705132.contaboserver.net sudo[1256194]: pam_unix(sudo:session): session closed for user root
Sep 24 13:34:53 vmi2705132.contaboserver.net sshd[1256290]: [0;1;39m[0;1;31m[0;1;39mpam_unix(sshd:auth): authentication failure; logname= uid=0 euid=0 tty=ssh ruser= rhost=34.72.21.57  user=root[0m
Sep 24 13:34:55 vmi2705132.contaboserver.net sshd[1256290]: Failed password for root from 34.72.21.57 port 52352 ssh2
Sep 24 13:34:58 vmi2705132.contaboserver.net sshd[1256290]: Received disconnect from 34.72.21.57 port 52352:11: Bye Bye [preauth]
Sep 24 13:34:58 vmi2705132.contaboserver.net sshd[1256290]: Disconnected from authenticating user root 34.72.21.57 port 52352 [preauth]
Sep 24 13:34:59 vmi2705132.contaboserver.net sshd[1256292]: Invalid user sd from 74.225.152.15 port 42794
Sep 24 13:34:59 vmi2705132.contaboserver.net sshd[1256292]: [0;1;39m[0;1;31m[0;1;39mpam_unix(sshd:auth): check pass; user unknown[0m
Sep 24 13:34:59 vmi2705132.contaboserver.net sshd[1256292]: [0;1;39m[0;1;31m[0;1;39mpam_unix(sshd:auth): authentication failure; logname= uid=0 euid=0 tty=ssh ruser= rhost=74.225.152.15[0m
Sep 24 13:34:59 vmi2705132.contaboserver.net sshd[1256320]: [0;1;39m[0;1;31m[0;1;39mpam_unix(sshd:auth): authentication failure; logname= uid=0 euid=0 tty=ssh ruser= rhost=57.129.132.147  user=root[0m
Sep 24 13:35:01 vmi2705132.contaboserver.net sshd[1256292]: Failed password for invalid user sd from 74.225.152.15 port 42794 ssh2
Sep 24 13:35:02 vmi2705132.contaboserver.net sshd[1256320]: Failed password for root from 57.129.132.147 port 36600 ssh2
Sep 24 13:35:02 vmi2705132.contaboserver.net sshd[1256292]: Received disconnect from 74.225.152.15 port 42794:11: Bye Bye [preauth]
Sep 24 13:35:02 vmi2705132.contaboserver.net sshd[1256292]: Disconnected from invalid user sd 74.225.152.15 port 42794 [preauth]
Sep 24 13:35:03 vmi2705132.contaboserver.net sshd[1256340]: Invalid user alina from 62.60.131.158 port 39409
Sep 24 13:35:03 vmi2705132.contaboserver.net sshd[1256340]: [0;1;39m[0;1;31m[0;1;39mpam_unix(sshd:auth): check pass; user unknown[0m
Sep 24 13:35:03 vmi2705132.contaboserver.net sshd[1256340]: [0;1;39m[0;1;31m[0;1;39mpam_unix(sshd:auth): authentication failure; logname= uid=0 euid=0 tty=ssh ruser= rhost=62.60.131.158[0m
Sep 24 13:35:04 vmi2705132.contaboserver.net sshd[1256320]: Received disconnect from 57.129.132.147 port 36600:11: Bye Bye [preauth]
Sep 24 13:35:04 vmi2705132.contaboserver.net sshd[1256320]: Disconnected from authenticating user root 57.129.132.147 port 36600 [preauth]
Sep 24 13:35:05 vmi2705132.contaboserver.net sshd[1256340]: Failed password for invalid user alina from 62.60.131.158 port 39409 ssh2
Sep 24 13:35:05 vmi2705132.contaboserver.net sshd[1256348]: Invalid user admin from 103.200.25.159 port 41868
Sep 24 13:35:05 vmi2705132.contaboserver.net sshd[1256348]: [0;1;39m[0;1;31m[0;1;39mpam_unix(sshd:auth): check pass; user unknown[0m
Sep 24 13:35:05 vmi2705132.contaboserver.net sshd[1256348]: [0;1;39m[0;1;31m[0;1;39mpam_unix(sshd:auth): authentication failure; logname= uid=0 euid=0 tty=ssh ruser= rhost=103.200.25.159[0m
Sep 24 13:35:06 vmi2705132.contaboserver.net sshd[1256340]: [0;1;39m[0;1;31m[0;1;39mpam_unix(sshd:auth): check pass; user unknown[0m
Sep 24 13:35:07 vmi2705132.contaboserver.net sshd[1256348]: Failed password for invalid user admin from 103.200.25.159 port 41868 ssh2
Sep 24 13:35:08 vmi2705132.contaboserver.net sshd[1256348]: Received disconnect from 103.200.25.159 port 41868:11: Bye Bye [preauth]
Sep 24 13:35:08 vmi2705132.contaboserver.net sshd[1256348]: Disconnected from invalid user admin 103.200.25.159 port 41868 [preauth]
Sep 24 13:35:08 vmi2705132.contaboserver.net sshd[1256358]: [0;1;39m[0;1;31m[0;1;39mpam_unix(sshd:auth): authentication failure; logname= uid=0 euid=0 tty=ssh ruser= rhost=100.42.181.218  user=root[0m
Sep 24 13:35:08 vmi2705132.contaboserver.net sshd[1256340]: Failed password for invalid user alina from 62.60.131.158 port 39409 ssh2
Sep 24 13:35:09 vmi2705132.contaboserver.net kernel: [0;1;38;5;185m[0;1;39m[0;1;38;5;185m[UFW BLOCK] IN=eth0 OUT= MAC=00:50:56:5b:c9:b3:c0:69:11:cd:1b:b9:08:00 SRC=18.117.57.162 DST=161.97.100.37 LEN=40 TOS=0x00 PREC=0x00 TTL=238 ID=54321 PROTO=TCP SPT=49842 DPT=9500 WINDOW=65535 RES=0x00 SYN URGP=0 [0m
Sep 24 13:35:10 vmi2705132.contaboserver.net sshd[1256340]: [0;1;39m[0;1;31m[0;1;39mpam_unix(sshd:auth): check pass; user unknown[0m
Sep 24 13:35:10 vmi2705132.contaboserver.net sshd[1256358]: Failed password for root from 100.42.181.218 port 34876 ssh2
Sep 24 13:35:11 vmi2705132.contaboserver.net sshd[1256340]: Failed password for invalid user alina from 62.60.131.158 port 39409 ssh2
Sep 24 13:35:12 vmi2705132.contaboserver.net sshd[1256340]: [0;1;39m[0;1;31m[0;1;39mpam_unix(sshd:auth): check pass; user unknown[0m
Sep 24 13:35:12 vmi2705132.contaboserver.net sshd[1256358]: Connection closed by authenticating user root 100.42.181.218 port 34876 [preauth]
Sep 24 13:35:13 vmi2705132.contaboserver.net sshd[1256340]: Failed password for invalid user alina from 62.60.131.158 port 39409 ssh2
Sep 24 13:35:13 vmi2705132.contaboserver.net sshd[1256340]: [0;1;39m[0;1;31m[0;1;39mpam_unix(sshd:auth): check pass; user unknown[0m
Sep 24 13:35:15 vmi2705132.contaboserver.net sshd[1256340]: Failed password for invalid user alina from 62.60.131.158 port 39409 ssh2
Sep 24 13:35:17 vmi2705132.contaboserver.net sshd[1256340]: Received disconnect from 62.60.131.158 port 39409:11: Bye [preauth]
Sep 24 13:35:17 vmi2705132.contaboserver.net sshd[1256340]: Disconnected from invalid user alina 62.60.131.158 port 39409 [preauth]
Sep 24 13:35:17 vmi2705132.contaboserver.net sshd[1256340]: [0;1;39m[0;1;31m[0;1;39mPAM 4 more authentication failures; logname= uid=0 euid=0 tty=ssh ruser= rhost=62.60.131.158[0m
Sep 24 13:35:17 vmi2705132.contaboserver.net sshd[1256340]: [0;1;39m[0;1;31m[0;1;39mPAM service(sshd) ignoring max retries; 5 > 3[0m
Sep 24 13:35:18 vmi2705132.contaboserver.net sshd[1256410]: Invalid user bb from 188.166.169.185 port 55060
Sep 24 13:35:18 vmi2705132.contaboserver.net sshd[1256410]: [0;1;39m[0;1;31m[0;1;39mpam_unix(sshd:auth): check pass; user unknown[0m
Sep 24 13:35:18 vmi2705132.contaboserver.net sshd[1256410]: [0;1;39m[0;1;31m[0;1;39mpam_unix(sshd:auth): authentication failure; logname= uid=0 euid=0 tty=ssh ruser= rhost=188.166.169.185[0m
Sep 24 13:35:21 vmi2705132.contaboserver.net sshd[1256410]: Failed password for invalid user bb from 188.166.169.185 port 55060 ssh2
Sep 24 13:35:21 vmi2705132.contaboserver.net sshd[1256410]: Received disconnect from 188.166.169.185 port 55060:11: Bye Bye [preauth]
Sep 24 13:35:21 vmi2705132.contaboserver.net sshd[1256410]: Disconnected from invalid user bb 188.166.169.185 port 55060 [preauth]
Sep 24 13:35:24 vmi2705132.contaboserver.net kernel: [0;1;38;5;185m[0;1;39m[0;1;38;5;185m[UFW BLOCK] IN=eth0 OUT= MAC=00:50:56:5b:c9:b3:c0:69:11:cd:1b:b9:08:00 SRC=152.32.153.67 DST=161.97.100.37 LEN=44 TOS=0x00 PREC=0x00 TTL=41 ID=0 DF PROTO=TCP SPT=56350 DPT=20820 WINDOW=1024 RES=0x00 SYN URGP=0 [0m
Sep 24 13:35:26 vmi2705132.contaboserver.net sshd[1256482]: Invalid user tuan from 43.225.159.158 port 44534
Sep 24 13:35:26 vmi2705132.contaboserver.net sshd[1256482]: [0;1;39m[0;1;31m[0;1;39mpam_unix(sshd:auth): check pass; user unknown[0m
Sep 24 13:35:27 vmi2705132.contaboserver.net sshd[1256482]: [0;1;39m[0;1;31m[0;1;39mpam_unix(sshd:auth): authentication failure; logname= uid=0 euid=0 tty=ssh ruser= rhost=43.225.159.158[0m
Sep 24 13:35:28 vmi2705132.contaboserver.net sshd[1256482]: Failed password for invalid user tuan from 43.225.159.158 port 44534 ssh2
Sep 24 13:35:29 vmi2705132.contaboserver.net sshd[1256482]: Received disconnect from 43.225.159.158 port 44534:11: Bye Bye [preauth]
Sep 24 13:35:29 vmi2705132.contaboserver.net sshd[1256482]: Disconnected from invalid user tuan 43.225.159.158 port 44534 [preauth]
Sep 24 13:35:29 vmi2705132.contaboserver.net sshd[1256518]: Invalid user titu from 89.111.131.103 port 35606
Sep 24 13:35:29 vmi2705132.contaboserver.net sshd[1256518]: [0;1;39m[0;1;31m[0;1;39mpam_unix(sshd:auth): check pass; user unknown[0m
Sep 24 13:35:29 vmi2705132.contaboserver.net sshd[1256518]: [0;1;39m[0;1;31m[0;1;39mpam_unix(sshd:auth): authentication failure; logname= uid=0 euid=0 tty=ssh ruser= rhost=89.111.131.103[0m
Sep 24 13:35:31 vmi2705132.contaboserver.net sshd[1256518]: Failed password for invalid user titu from 89.111.131.103 port 35606 ssh2
Sep 24 13:35:31 vmi2705132.contaboserver.net sshd[1256518]: Received disconnect from 89.111.131.103 port 35606:11: Bye Bye [preauth]
Sep 24 13:35:31 vmi2705132.contaboserver.net sshd[1256518]: Disconnected from invalid user titu 89.111.131.103 port 35606 [preauth]
Sep 24 13:35:33 vmi2705132.contaboserver.net sshd[1256520]: Invalid user intel from 14.63.198.239 port 35148
Sep 24 13:35:33 vmi2705132.contaboserver.net sshd[1256520]: [0;1;39m[0;1;31m[0;1;39mpam_unix(sshd:auth): check pass; user unknown[0m
Sep 24 13:35:33 vmi2705132.contaboserver.net sshd[1256520]: [0;1;39m[0;1;31m[0;1;39mpam_unix(sshd:auth): authentication failure; logname= uid=0 euid=0 tty=ssh ruser= rhost=14.63.198.239[0m
Sep 24 13:35:34 vmi2705132.contaboserver.net sshd[1256520]: Failed password for invalid user intel from 14.63.198.239 port 35148 ssh2
Sep 24 13:35:34 vmi2705132.contaboserver.net sshd[1256520]: Received disconnect from 14.63.198.239 port 35148:11: Bye Bye [preauth]
Sep 24 13:35:34 vmi2705132.contaboserver.net sshd[1256520]: Disconnected from invalid user intel 14.63.198.239 port 35148 [preauth]
Sep 24 13:35:36 vmi2705132.contaboserver.net sshd[1256523]: Invalid user alfalak from 45.119.80.10 port 53062
Sep 24 13:35:36 vmi2705132.contaboserver.net sshd[1256523]: [0;1;39m[0;1;31m[0;1;39mpam_unix(sshd:auth): check pass; user unknown[0m
Sep 24 13:35:36 vmi2705132.contaboserver.net sshd[1256523]: [0;1;39m[0;1;31m[0;1;39mpam_unix(sshd:auth): authentication failure; logname= uid=0 euid=0 tty=ssh ruser= rhost=45.119.80.10[0m
Sep 24 13:35:38 vmi2705132.contaboserver.net sshd[1256525]: [0;1;31m[0;1;39m[0;1;31merror: kex_exchange_identification: Connection closed by remote host[0m
Sep 24 13:35:38 vmi2705132.contaboserver.net sshd[1256525]: Connection closed by 104.234.196.248 port 34576
Sep 24 13:35:38 vmi2705132.contaboserver.net sshd[1256523]: Failed password for invalid user alfalak from 45.119.80.10 port 53062 ssh2
Sep 24 13:35:38 vmi2705132.contaboserver.net sshd[1256523]: Received disconnect from 45.119.80.10 port 53062:11: Bye Bye [preauth]
Sep 24 13:35:38 vmi2705132.contaboserver.net sshd[1256523]: Disconnected from invalid user alfalak 45.119.80.10 port 53062 [preauth]
Sep 24 13:35:39 vmi2705132.contaboserver.net sshd[1256526]: Invalid user user from 104.234.196.248 port 34586
Sep 24 13:35:40 vmi2705132.contaboserver.net sshd[1256526]: [0;1;39m[0;1;31m[0;1;39mpam_unix(sshd:auth): check pass; user unknown[0m
Sep 24 13:35:40 vmi2705132.contaboserver.net sshd[1256526]: [0;1;39m[0;1;31m[0;1;39mpam_unix(sshd:auth): authentication failure; logname= uid=0 euid=0 tty=ssh ruser= rhost=104.234.196.248[0m
Sep 24 13:35:40 vmi2705132.contaboserver.net sshd[1256528]: [0;1;39m[0;1;31m[0;1;39mpam_unix(sshd:auth): authentication failure; logname= uid=0 euid=0 tty=ssh ruser= rhost=105.247.69.196  user=root[0m
Sep 24 13:35:41 vmi2705132.contaboserver.net sshd[1256526]: Failed password for invalid user user from 104.234.196.248 port 34586 ssh2
Sep 24 13:35:42 vmi2705132.contaboserver.net sshd[1256528]: Failed password for root from 105.247.69.196 port 37650 ssh2
Sep 24 13:35:42 vmi2705132.contaboserver.net sshd[1256526]: Connection closed by invalid user user 104.234.196.248 port 34586 [preauth]
Sep 24 13:35:43 vmi2705132.contaboserver.net sshd[1256528]: Received disconnect from 105.247.69.196 port 37650:11: Bye Bye [preauth]
Sep 24 13:35:43 vmi2705132.contaboserver.net sshd[1256528]: Disconnected from authenticating user root 105.247.69.196 port 37650 [preauth]
Sep 24 13:35:43 vmi2705132.contaboserver.net sshd[1256532]: Invalid user steam from 153.126.167.148 port 55900
Sep 24 13:35:43 vmi2705132.contaboserver.net sshd[1256532]: [0;1;39m[0;1;31m[0;1;39mpam_unix(sshd:auth): check pass; user unknown[0m
Sep 24 13:35:43 vmi2705132.contaboserver.net sshd[1256532]: [0;1;39m[0;1;31m[0;1;39mpam_unix(sshd:auth): authentication failure; logname= uid=0 euid=0 tty=ssh ruser= rhost=153.126.167.148[0m
Sep 24 13:35:43 vmi2705132.contaboserver.net sshd[1256530]: Invalid user postgres from 27.112.79.123 port 35562
Sep 24 13:35:43 vmi2705132.contaboserver.net sshd[1256530]: [0;1;39m[0;1;31m[0;1;39mpam_unix(sshd:auth): check pass; user unknown[0m
Sep 24 13:35:43 vmi2705132.contaboserver.net sshd[1256530]: [0;1;39m[0;1;31m[0;1;39mpam_unix(sshd:auth): authentication failure; logname= uid=0 euid=0 tty=ssh ruser= rhost=27.112.79.123[0m
Sep 24 13:35:45 vmi2705132.contaboserver.net sshd[1256532]: Failed password for invalid user steam from 153.126.167.148 port 55900 ssh2
Sep 24 13:35:45 vmi2705132.contaboserver.net sshd[1256530]: Failed password for invalid user postgres from 27.112.79.123 port 35562 ssh2
Sep 24 13:35:46 vmi2705132.contaboserver.net kernel: [0;1;38;5;185m[0;1;39m[0;1;38;5;185m[UFW BLOCK] IN=eth0 OUT= MAC=00:50:56:5b:c9:b3:c0:69:11:cd:1b:b9:08:00 SRC=92.63.197.210 DST=161.97.100.37 LEN=40 TOS=0x00 PREC=0x00 TTL=245 ID=25436 PROTO=TCP SPT=47303 DPT=22315 WINDOW=1024 RES=0x00 SYN URGP=0 [0m
Sep 24 13:35:47 vmi2705132.contaboserver.net sshd[1256532]: Received disconnect from 153.126.167.148 port 55900:11: Bye Bye [preauth]
Sep 24 13:35:47 vmi2705132.contaboserver.net sshd[1256532]: Disconnected from invalid user steam 153.126.167.148 port 55900 [preauth]
Sep 24 13:35:47 vmi2705132.contaboserver.net sshd[1256530]: Received disconnect from 27.112.79.123 port 35562:11: Bye Bye [preauth]
Sep 24 13:35:47 vmi2705132.contaboserver.net sshd[1256530]: Disconnected from invalid user postgres 27.112.79.123 port 35562 [preauth]
Sep 24 13:35:56 vmi2705132.contaboserver.net sshd[1256534]: [0;1;39m[0;1;31m[0;1;39mpam_unix(sshd:auth): authentication failure; logname= uid=0 euid=0 tty=ssh ruser= rhost=57.129.132.147  user=root[0m
Sep 24 13:35:59 vmi2705132.contaboserver.net sshd[1256534]: Failed password for root from 57.129.132.147 port 53922 ssh2
Sep 24 13:36:00 vmi2705132.contaboserver.net sshd[1256534]: Received disconnect from 57.129.132.147 port 53922:11: Bye Bye [preauth]
Sep 24 13:36:00 vmi2705132.contaboserver.net sshd[1256534]: Disconnected from authenticating user root 57.129.132.147 port 53922 [preauth]
Sep 24 13:36:12 vmi2705132.contaboserver.net sshd[1256536]: Invalid user connie from 188.166.169.185 port 58380
Sep 24 13:36:12 vmi2705132.contaboserver.net sshd[1256536]: [0;1;39m[0;1;31m[0;1;39mpam_unix(sshd:auth): check pass; user unknown[0m
Sep 24 13:36:12 vmi2705132.contaboserver.net sshd[1256536]: [0;1;39m[0;1;31m[0;1;39mpam_unix(sshd:auth): authentication failure; logname= uid=0 euid=0 tty=ssh ruser= rhost=188.166.169.185[0m
Sep 24 13:36:15 vmi2705132.contaboserver.net sshd[1256536]: Failed password for invalid user connie from 188.166.169.185 port 58380 ssh2
Sep 24 13:36:15 vmi2705132.contaboserver.net sshd[1256536]: Received disconnect from 188.166.169.185 port 58380:11: Bye Bye [preauth]
Sep 24 13:36:15 vmi2705132.contaboserver.net sshd[1256536]: Disconnected from invalid user connie 188.166.169.185 port 58380 [preauth]
Sep 24 13:36:18 vmi2705132.contaboserver.net sshd[1256538]: [0;1;39m[0;1;31m[0;1;39mpam_unix(sshd:auth): authentication failure; logname= uid=0 euid=0 tty=ssh ruser= rhost=74.225.152.15  user=root[0m
Sep 24 13:36:19 vmi2705132.contaboserver.net sshd[1256540]: Invalid user its from 103.200.25.159 port 40066
Sep 24 13:36:19 vmi2705132.contaboserver.net sshd[1256540]: [0;1;39m[0;1;31m[0;1;39mpam_unix(sshd:auth): check pass; user unknown[0m
Sep 24 13:36:19 vmi2705132.contaboserver.net sshd[1256540]: [0;1;39m[0;1;31m[0;1;39mpam_unix(sshd:auth): authentication failure; logname= uid=0 euid=0 tty=ssh ruser= rhost=103.200.25.159[0m
Sep 24 13:36:20 vmi2705132.contaboserver.net sshd[1256538]: Failed password for root from 74.225.152.15 port 58644 ssh2
Sep 24 13:36:21 vmi2705132.contaboserver.net sshd[1256538]: Received disconnect from 74.225.152.15 port 58644:11: Bye Bye [preauth]
Sep 24 13:36:21 vmi2705132.contaboserver.net sshd[1256538]: Disconnected from authenticating user root 74.225.152.15 port 58644 [preauth]
Sep 24 13:36:21 vmi2705132.contaboserver.net sshd[1256540]: Failed password for invalid user its from 103.200.25.159 port 40066 ssh2
Sep 24 13:36:22 vmi2705132.contaboserver.net sshd[1256540]: Received disconnect from 103.200.25.159 port 40066:11: Bye Bye [preauth]
Sep 24 13:36:22 vmi2705132.contaboserver.net sshd[1256540]: Disconnected from invalid user its 103.200.25.159 port 40066 [preauth]
Sep 24 13:36:28 vmi2705132.contaboserver.net kernel: [0;1;38;5;185m[0;1;39m[0;1;38;5;185m[UFW BLOCK] IN=eth0 OUT= MAC=00:50:56:5b:c9:b3:c0:69:11:cd:1b:b9:08:00 SRC=79.124.40.118 DST=161.97.100.37 LEN=40 TOS=0x00 PREC=0x00 TTL=247 ID=20070 PROTO=TCP SPT=51759 DPT=60584 WINDOW=1024 RES=0x00 SYN URGP=0 [0m
Sep 24 13:36:31 vmi2705132.contaboserver.net kernel: [0;1;38;5;185m[0;1;39m[0;1;38;5;185m[UFW BLOCK] IN=eth0 OUT= MAC=00:50:56:5b:c9:b3:c0:69:11:cd:1b:b9:08:00 SRC=79.124.60.6 DST=161.97.100.37 LEN=40 TOS=0x00 PREC=0x00 TTL=247 ID=56310 PROTO=TCP SPT=51604 DPT=48540 WINDOW=1024 RES=0x00 SYN URGP=0 [0m
Sep 24 13:36:35 vmi2705132.contaboserver.net sshd[1256542]: [0;1;39m[0;1;31m[0;1;39mpam_unix(sshd:auth): authentication failure; logname= uid=0 euid=0 tty=ssh ruser= rhost=43.225.159.158  user=root[0m
Sep 24 13:36:36 vmi2705132.contaboserver.net sshd[1256558]: [0;1;39m[0;1;31m[0;1;39mpam_unix(sshd:auth): authentication failure; logname= uid=0 euid=0 tty=ssh ruser= rhost=89.111.131.103  user=root[0m
Sep 24 13:36:37 vmi2705132.contaboserver.net sshd[1256542]: Failed password for root from 43.225.159.158 port 33244 ssh2
Sep 24 13:36:38 vmi2705132.contaboserver.net sshd[1256542]: Received disconnect from 43.225.159.158 port 33244:11: Bye Bye [preauth]
Sep 24 13:36:38 vmi2705132.contaboserver.net sshd[1256542]: Disconnected from authenticating user root 43.225.159.158 port 33244 [preauth]
Sep 24 13:36:38 vmi2705132.contaboserver.net sshd[1256565]: Invalid user ubuntu from 14.63.198.239 port 58170
Sep 24 13:36:38 vmi2705132.contaboserver.net sshd[1256565]: [0;1;39m[0;1;31m[0;1;39mpam_unix(sshd:auth): check pass; user unknown[0m
Sep 24 13:36:38 vmi2705132.contaboserver.net sshd[1256565]: [0;1;39m[0;1;31m[0;1;39mpam_unix(sshd:auth): authentication failure; logname= uid=0 euid=0 tty=ssh ruser= rhost=14.63.198.239[0m
Sep 24 13:36:38 vmi2705132.contaboserver.net sshd[1256558]: Failed password for root from 89.111.131.103 port 59404 ssh2
Sep 24 13:36:40 vmi2705132.contaboserver.net sshd[1256565]: Failed password for invalid user ubuntu from 14.63.198.239 port 58170 ssh2
Sep 24 13:36:40 vmi2705132.contaboserver.net sshd[1256558]: Received disconnect from 89.111.131.103 port 59404:11: Bye Bye [preauth]
Sep 24 13:36:40 vmi2705132.contaboserver.net sshd[1256558]: Disconnected from authenticating user root 89.111.131.103 port 59404 [preauth]
Sep 24 13:36:42 vmi2705132.contaboserver.net kernel: [0;1;38;5;185m[0;1;39m[0;1;38;5;185m[UFW BLOCK] IN=eth0 OUT= MAC=00:50:56:5b:c9:b3:c0:69:11:cd:1b:b9:08:00 SRC=44.251.251.110 DST=161.97.100.37 LEN=60 TOS=0x00 PREC=0x00 TTL=107 ID=44115 DF PROTO=TCP SPT=43292 DPT=8090 WINDOW=62727 RES=0x00 SYN URGP=0 [0m
Sep 24 13:36:42 vmi2705132.contaboserver.net sshd[1256565]: Received disconnect from 14.63.198.239 port 58170:11: Bye Bye [preauth]
Sep 24 13:36:42 vmi2705132.contaboserver.net sshd[1256565]: Disconnected from invalid user ubuntu 14.63.198.239 port 58170 [preauth]
Sep 24 13:36:45 vmi2705132.contaboserver.net sshd[1256788]: [0;1;39m[0;1;31m[0;1;39mpam_unix(sshd:auth): authentication failure; logname= uid=0 euid=0 tty=ssh ruser= rhost=100.42.181.218  user=root[0m
Sep 24 13:36:46 vmi2705132.contaboserver.net systemd[1]: Reloading.
Sep 24 13:36:47 vmi2705132.contaboserver.net systemd[1]: [0;1;38;5;185m[0;1;39m[0;1;38;5;185mConfiguration file /run/systemd/system/netplan-ovs-cleanup.service is marked world-inaccessible. This has no effect as configuration data is accessible via APIs without restrictions. Proceeding anyway.[0m
Sep 24 13:36:47 vmi2705132.contaboserver.net sshd[1256797]: Invalid user wd from 45.119.80.10 port 49996
Sep 24 13:36:47 vmi2705132.contaboserver.net systemd[1]: Starting Daily apt download activities...
[0;38;5;245m░░ [0m[0;32mSubject: A start job for unit apt-daily.service has begun execution[0m
[0;38;5;245m░░[0m [0;32mDefined-By: systemd[0m
[0;38;5;245m░░[0m [0;32mSupport: http://www.ubuntu.com/support[0m
[0;38;5;245m░░[0m [0;32m[0m
[0;38;5;245m░░[0m [0;32mA start job for unit apt-daily.service has begun execution.[0m
[0;38;5;245m░░[0m [0;32m[0m
[0;38;5;245m░░[0m [0;32mThe job identifier is 251833.[0m
Sep 24 13:36:47 vmi2705132.contaboserver.net sshd[1256797]: [0;1;39m[0;1;31m[0;1;39mpam_unix(sshd:auth): check pass; user unknown[0m
Sep 24 13:36:47 vmi2705132.contaboserver.net sshd[1256797]: [0;1;39m[0;1;31m[0;1;39mpam_unix(sshd:auth): authentication failure; logname= uid=0 euid=0 tty=ssh ruser= rhost=45.119.80.10[0m
Sep 24 13:36:47 vmi2705132.contaboserver.net sshd[1256788]: Failed password for root from 100.42.181.218 port 38178 ssh2
Sep 24 13:36:47 vmi2705132.contaboserver.net sshd[1256788]: Connection closed by authenticating user root 100.42.181.218 port 38178 [preauth]
Sep 24 13:36:49 vmi2705132.contaboserver.net sshd[1256797]: Failed password for invalid user wd from 45.119.80.10 port 49996 ssh2
Sep 24 13:36:50 vmi2705132.contaboserver.net systemd[1]: apt-daily.service: Deactivated successfully.
[0;38;5;245m░░ [0m[0;32mSubject: Unit succeeded[0m
[0;38;5;245m░░[0m [0;32mDefined-By: systemd[0m
[0;38;5;245m░░[0m [0;32mSupport: http://www.ubuntu.com/support[0m
[0;38;5;245m░░[0m [0;32m[0m
[0;38;5;245m░░[0m [0;32mThe unit apt-daily.service has successfully entered the 'dead' state.[0m
Sep 24 13:36:50 vmi2705132.contaboserver.net systemd[1]: Finished Daily apt download activities.
[0;38;5;245m░░ [0m[0;32mSubject: A start job for unit apt-daily.service has finished successfully[0m
[0;38;5;245m░░[0m [0;32mDefined-By: systemd[0m
[0;38;5;245m░░[0m [0;32mSupport: http://www.ubuntu.com/support[0m
[0;38;5;245m░░[0m [0;32m[0m
[0;38;5;245m░░[0m [0;32mA start job for unit apt-daily.service has finished successfully.[0m
[0;38;5;245m░░[0m [0;32m[0m
[0;38;5;245m░░[0m [0;32mThe job identifier is 251833.[0m
Sep 24 13:36:50 vmi2705132.contaboserver.net systemd[1]: apt-daily.service: Consumed 2.230s CPU time.
[0;38;5;245m░░ [0m[0;32mSubject: Resources consumed by unit runtime[0m
[0;38;5;245m░░[0m [0;32mDefined-By: systemd[0m
[0;38;5;245m░░[0m [0;32mSupport: http://www.ubuntu.com/support[0m
[0;38;5;245m░░[0m [0;32m[0m
[0;38;5;245m░░[0m [0;32mThe unit apt-daily.service completed and consumed the indicated resources.[0m
Sep 24 13:36:51 vmi2705132.contaboserver.net sshd[1256964]: Invalid user vitor from 57.129.132.147 port 57082
Sep 24 13:36:51 vmi2705132.contaboserver.net sshd[1256964]: [0;1;39m[0;1;31m[0;1;39mpam_unix(sshd:auth): check pass; user unknown[0m
Sep 24 13:36:51 vmi2705132.contaboserver.net sshd[1256964]: [0;1;39m[0;1;31m[0;1;39mpam_unix(sshd:auth): authentication failure; logname= uid=0 euid=0 tty=ssh ruser= rhost=57.129.132.147[0m
Sep 24 13:36:51 vmi2705132.contaboserver.net sshd[1256797]: Received disconnect from 45.119.80.10 port 49996:11: Bye Bye [preauth]
Sep 24 13:36:51 vmi2705132.contaboserver.net sshd[1256797]: Disconnected from invalid user wd 45.119.80.10 port 49996 [preauth]
Sep 24 13:36:52 vmi2705132.contaboserver.net sshd[1256964]: Failed password for invalid user vitor from 57.129.132.147 port 57082 ssh2
Sep 24 13:36:53 vmi2705132.contaboserver.net sshd[1256964]: Received disconnect from 57.129.132.147 port 57082:11: Bye Bye [preauth]
Sep 24 13:36:53 vmi2705132.contaboserver.net sshd[1256964]: Disconnected from invalid user vitor 57.129.132.147 port 57082 [preauth]
Sep 24 13:36:56 vmi2705132.contaboserver.net sshd[1257069]: Invalid user alpha from 27.112.79.123 port 33154
Sep 24 13:36:56 vmi2705132.contaboserver.net sshd[1257069]: [0;1;39m[0;1;31m[0;1;39mpam_unix(sshd:auth): check pass; user unknown[0m
Sep 24 13:36:56 vmi2705132.contaboserver.net sshd[1257069]: [0;1;39m[0;1;31m[0;1;39mpam_unix(sshd:auth): authentication failure; logname= uid=0 euid=0 tty=ssh ruser= rhost=27.112.79.123[0m
Sep 24 13:36:58 vmi2705132.contaboserver.net sshd[1257069]: Failed password for invalid user alpha from 27.112.79.123 port 33154 ssh2
Sep 24 13:36:59 vmi2705132.contaboserver.net sshd[1257069]: Received disconnect from 27.112.79.123 port 33154:11: Bye Bye [preauth]
Sep 24 13:36:59 vmi2705132.contaboserver.net sshd[1257069]: Disconnected from invalid user alpha 27.112.79.123 port 33154 [preauth]
Sep 24 13:37:02 vmi2705132.contaboserver.net sshd[1257216]: Invalid user postgres from 105.247.69.196 port 44468
Sep 24 13:37:02 vmi2705132.contaboserver.net sshd[1257216]: [0;1;39m[0;1;31m[0;1;39mpam_unix(sshd:auth): check pass; user unknown[0m
Sep 24 13:37:02 vmi2705132.contaboserver.net sshd[1257216]: [0;1;39m[0;1;31m[0;1;39mpam_unix(sshd:auth): authentication failure; logname= uid=0 euid=0 tty=ssh ruser= rhost=105.247.69.196[0m
Sep 24 13:37:04 vmi2705132.contaboserver.net sshd[1257216]: Failed password for invalid user postgres from 105.247.69.196 port 44468 ssh2
Sep 24 13:37:05 vmi2705132.contaboserver.net sshd[1257323]: [0;1;39m[0;1;31m[0;1;39mpam_unix(sshd:auth): authentication failure; logname= uid=0 euid=0 tty=ssh ruser= rhost=188.166.169.185  user=root[0m
Sep 24 13:37:06 vmi2705132.contaboserver.net sshd[1257332]: [0;1;31m[0;1;39m[0;1;31merror: kex_exchange_identification: Connection closed by remote host[0m
Sep 24 13:37:06 vmi2705132.contaboserver.net sshd[1257332]: Connection closed by 203.146.127.165 port 35372
Sep 24 13:37:06 vmi2705132.contaboserver.net sshd[1257216]: Received disconnect from 105.247.69.196 port 44468:11: Bye Bye [preauth]
Sep 24 13:37:06 vmi2705132.contaboserver.net sshd[1257216]: Disconnected from invalid user postgres 105.247.69.196 port 44468 [preauth]
Sep 24 13:37:07 vmi2705132.contaboserver.net sshd[1257345]: Invalid user lyq from 203.146.127.165 port 35382
Sep 24 13:37:07 vmi2705132.contaboserver.net kernel: [0;1;38;5;185m[0;1;39m[0;1;38;5;185m[UFW BLOCK] IN=eth0 OUT= MAC=00:50:56:5b:c9:b3:c0:69:11:cd:1b:b9:08:00 SRC=78.128.114.174 DST=161.97.100.37 LEN=40 TOS=0x00 PREC=0x00 TTL=246 ID=18449 PROTO=TCP SPT=49465 DPT=9078 WINDOW=1024 RES=0x00 SYN URGP=0 [0m
Sep 24 13:37:07 vmi2705132.contaboserver.net sshd[1257345]: [0;1;39m[0;1;31m[0;1;39mpam_unix(sshd:auth): check pass; user unknown[0m
Sep 24 13:37:07 vmi2705132.contaboserver.net sshd[1257345]: [0;1;39m[0;1;31m[0;1;39mpam_unix(sshd:auth): authentication failure; logname= uid=0 euid=0 tty=ssh ruser= rhost=203.146.127.165[0m
Sep 24 13:37:07 vmi2705132.contaboserver.net sshd[1257323]: Failed password for root from 188.166.169.185 port 37380 ssh2
Sep 24 13:37:08 vmi2705132.contaboserver.net sshd[1257323]: Received disconnect from 188.166.169.185 port 37380:11: Bye Bye [preauth]
Sep 24 13:37:08 vmi2705132.contaboserver.net sshd[1257323]: Disconnected from authenticating user root 188.166.169.185 port 37380 [preauth]
Sep 24 13:37:08 vmi2705132.contaboserver.net sudo[1257387]: [0;1;39m[0;1;31m[0;1;39m    root : TTY=pts/0 ; PWD=/var/www/petalandpromise/chakshu ; USER=root ; COMMAND=/usr/bin/nano /etc/nginx/sites-available/petalandpromise-main[0m
Sep 24 13:37:08 vmi2705132.contaboserver.net sudo[1257387]: pam_unix(sudo:session): session opened for user root(uid=0) by root(uid=0)
Sep 24 13:37:10 vmi2705132.contaboserver.net sshd[1257345]: Failed password for invalid user lyq from 203.146.127.165 port 35382 ssh2
Sep 24 13:37:10 vmi2705132.contaboserver.net sshd[1257351]: Invalid user esearch from 34.72.21.57 port 50988
Sep 24 13:37:10 vmi2705132.contaboserver.net sshd[1257351]: [0;1;39m[0;1;31m[0;1;39mpam_unix(sshd:auth): check pass; user unknown[0m
Sep 24 13:37:10 vmi2705132.contaboserver.net sshd[1257351]: [0;1;39m[0;1;31m[0;1;39mpam_unix(sshd:auth): authentication failure; logname= uid=0 euid=0 tty=ssh ruser= rhost=34.72.21.57[0m
Sep 24 13:37:11 vmi2705132.contaboserver.net sshd[1257345]: Connection closed by invalid user lyq 203.146.127.165 port 35382 [preauth]
Sep 24 13:37:12 vmi2705132.contaboserver.net sshd[1257351]: Failed password for invalid user esearch from 34.72.21.57 port 50988 ssh2
Sep 24 13:37:14 vmi2705132.contaboserver.net sshd[1257351]: Received disconnect from 34.72.21.57 port 50988:11: Bye Bye [preauth]
Sep 24 13:37:14 vmi2705132.contaboserver.net sshd[1257351]: Disconnected from invalid user esearch 34.72.21.57 port 50988 [preauth]
Sep 24 13:37:25 vmi2705132.contaboserver.net sshd[1257822]: [0;1;31m[0;1;39m[0;1;31merror: kex_exchange_identification: Connection closed by remote host[0m
Sep 24 13:37:25 vmi2705132.contaboserver.net sshd[1257822]: Connection closed by 141.11.107.10 port 39686
Sep 24 13:37:26 vmi2705132.contaboserver.net sudo[1257387]: pam_unix(sudo:session): session closed for user root
Sep 24 13:37:26 vmi2705132.contaboserver.net sshd[1257824]: [0;1;39m[0;1;31m[0;1;39mpam_unix(sshd:auth): authentication failure; logname= uid=0 euid=0 tty=ssh ruser= rhost=141.11.107.10  user=root[0m
Sep 24 13:37:28 vmi2705132.contaboserver.net kernel: [0;1;38;5;185m[0;1;39m[0;1;38;5;185m[UFW BLOCK] IN=eth0 OUT= MAC=00:50:56:5b:c9:b3:c0:69:11:cd:1b:b9:08:00 SRC=37.60.141.158 DST=161.97.100.37 LEN=40 TOS=0x00 PREC=0x00 TTL=246 ID=54321 PROTO=TCP SPT=49083 DPT=10023 WINDOW=65535 RES=0x00 SYN URGP=0 [0m
Sep 24 13:37:29 vmi2705132.contaboserver.net sshd[1257824]: Failed password for root from 141.11.107.10 port 39702 ssh2
Sep 24 13:37:30 vmi2705132.contaboserver.net sudo[1257991]: [0;1;39m[0;1;31m[0;1;39m    root : TTY=pts/0 ; PWD=/var/www/petalandpromise/chakshu ; USER=root ; COMMAND=/usr/bin/ln -s /etc/nginx/sites-available/petalandpromise-main /etc/nginx/sites-enabled/[0m
Sep 24 13:37:30 vmi2705132.contaboserver.net sudo[1257991]: pam_unix(sudo:session): session opened for user root(uid=0) by root(uid=0)
Sep 24 13:37:31 vmi2705132.contaboserver.net sudo[1257991]: pam_unix(sudo:session): session closed for user root
Sep 24 13:37:31 vmi2705132.contaboserver.net sudo[1257994]: [0;1;39m[0;1;31m[0;1;39m    root : TTY=pts/0 ; PWD=/var/www/petalandpromise/chakshu ; USER=root ; COMMAND=/usr/sbin/nginx -t[0m
Sep 24 13:37:31 vmi2705132.contaboserver.net sudo[1257994]: pam_unix(sudo:session): session opened for user root(uid=0) by root(uid=0)
Sep 24 13:37:31 vmi2705132.contaboserver.net sudo[1257994]: pam_unix(sudo:session): session closed for user root
Sep 24 13:37:31 vmi2705132.contaboserver.net sudo[1258005]: [0;1;39m[0;1;31m[0;1;39m    root : TTY=pts/0 ; PWD=/var/www/petalandpromise/chakshu ; USER=root ; COMMAND=/usr/bin/systemctl reload nginx[0m
Sep 24 13:37:31 vmi2705132.contaboserver.net sudo[1258005]: pam_unix(sudo:session): session opened for user root(uid=0) by root(uid=0)
Sep 24 13:37:31 vmi2705132.contaboserver.net systemd[1]: Reloading A high performance web server and a reverse proxy server...
[0;38;5;245m░░ [0m[0;32mSubject: A reload job for unit nginx.service has begun execution[0m
[0;38;5;245m░░[0m [0;32mDefined-By: systemd[0m
[0;38;5;245m░░[0m [0;32mSupport: http://www.ubuntu.com/support[0m
[0;38;5;245m░░[0m [0;32m[0m
[0;38;5;245m░░[0m [0;32mA reload job for unit nginx.service has begun execution.[0m
[0;38;5;245m░░[0m [0;32m[0m
[0;38;5;245m░░[0m [0;32mThe job identifier is 251898.[0m
Sep 24 13:37:31 vmi2705132.contaboserver.net systemd[1]: Reloaded A high performance web server and a reverse proxy server.
[0;38;5;245m░░ [0m[0;32mSubject: A reload job for unit nginx.service has finished[0m
[0;38;5;245m░░[0m [0;32mDefined-By: systemd[0m
[0;38;5;245m░░[0m [0;32mSupport: http://www.ubuntu.com/support[0m
[0;38;5;245m░░[0m [0;32m[0m
[0;38;5;245m░░[0m [0;32mA reload job for unit nginx.service has finished.[0m
[0;38;5;245m░░[0m [0;32m[0m
[0;38;5;245m░░[0m [0;32mThe job identifier is 251898 and the job result is done.[0m
Sep 24 13:37:31 vmi2705132.contaboserver.net sshd[1257824]: Connection closed by authenticating user root 141.11.107.10 port 39702 [preauth]
Sep 24 13:37:31 vmi2705132.contaboserver.net sudo[1258005]: pam_unix(sudo:session): session closed for user root
Sep 24 13:37:33 vmi2705132.contaboserver.net sshd[1258027]: Invalid user ai from 153.126.167.148 port 53448
Sep 24 13:37:33 vmi2705132.contaboserver.net sshd[1258027]: [0;1;39m[0;1;31m[0;1;39mpam_unix(sshd:auth): check pass; user unknown[0m
Sep 24 13:37:33 vmi2705132.contaboserver.net sshd[1258027]: [0;1;39m[0;1;31m[0;1;39mpam_unix(sshd:auth): authentication failure; logname= uid=0 euid=0 tty=ssh ruser= rhost=153.126.167.148[0m
Sep 24 13:37:35 vmi2705132.contaboserver.net sshd[1258027]: Failed password for invalid user ai from 153.126.167.148 port 53448 ssh2
Sep 24 13:37:36 vmi2705132.contaboserver.net sshd[1258027]: Received disconnect from 153.126.167.148 port 53448:11: Bye Bye [preauth]
Sep 24 13:37:36 vmi2705132.contaboserver.net sshd[1258027]: Disconnected from invalid user ai 153.126.167.148 port 53448 [preauth]
Sep 24 13:37:37 vmi2705132.contaboserver.net sudo[1258163]: [0;1;39m[0;1;31m[0;1;39m    root : TTY=pts/0 ; PWD=/var/www/petalandpromise/chakshu ; USER=root ; COMMAND=/usr/bin/apt install certbot python3-certbot-nginx -y[0m
Sep 24 13:37:37 vmi2705132.contaboserver.net sudo[1258163]: pam_unix(sudo:session): session opened for user root(uid=0) by root(uid=0)
Sep 24 13:37:37 vmi2705132.contaboserver.net sshd[1258115]: Invalid user intel from 103.200.25.159 port 57364
Sep 24 13:37:37 vmi2705132.contaboserver.net sshd[1258115]: [0;1;39m[0;1;31m[0;1;39mpam_unix(sshd:auth): check pass; user unknown[0m
Sep 24 13:37:37 vmi2705132.contaboserver.net sshd[1258115]: [0;1;39m[0;1;31m[0;1;39mpam_unix(sshd:auth): authentication failure; logname= uid=0 euid=0 tty=ssh ruser= rhost=103.200.25.159[0m
Sep 24 13:37:39 vmi2705132.contaboserver.net sudo[1258163]: pam_unix(sudo:session): session closed for user root
Sep 24 13:37:39 vmi2705132.contaboserver.net sudo[1258225]: [0;1;39m[0;1;31m[0;1;39m    root : TTY=pts/0 ; PWD=/var/www/petalandpromise/chakshu ; USER=root ; COMMAND=/usr/bin/certbot --nginx -d petalandpromise.in -d www.petalandpromise.in[0m
Sep 24 13:37:39 vmi2705132.contaboserver.net sudo[1258225]: pam_unix(sudo:session): session opened for user root(uid=0) by root(uid=0)
Sep 24 13:37:40 vmi2705132.contaboserver.net sshd[1258115]: Failed password for invalid user intel from 103.200.25.159 port 57364 ssh2
Sep 24 13:37:40 vmi2705132.contaboserver.net sshd[1258115]: Received disconnect from 103.200.25.159 port 57364:11: Bye Bye [preauth]
Sep 24 13:37:40 vmi2705132.contaboserver.net sshd[1258115]: Disconnected from invalid user intel 103.200.25.159 port 57364 [preauth]
Sep 24 13:37:41 vmi2705132.contaboserver.net sshd[1258240]: Invalid user vale from 74.225.152.15 port 45428
Sep 24 13:37:41 vmi2705132.contaboserver.net sshd[1258240]: [0;1;39m[0;1;31m[0;1;39mpam_unix(sshd:auth): check pass; user unknown[0m
Sep 24 13:37:41 vmi2705132.contaboserver.net sshd[1258240]: [0;1;39m[0;1;31m[0;1;39mpam_unix(sshd:auth): authentication failure; logname= uid=0 euid=0 tty=ssh ruser= rhost=74.225.152.15[0m
Sep 24 13:37:42 vmi2705132.contaboserver.net sshd[1258288]: Invalid user polls from 89.111.131.103 port 41744
Sep 24 13:37:42 vmi2705132.contaboserver.net sshd[1258288]: [0;1;39m[0;1;31m[0;1;39mpam_unix(sshd:auth): check pass; user unknown[0m
Sep 24 13:37:42 vmi2705132.contaboserver.net sshd[1258288]: [0;1;39m[0;1;31m[0;1;39mpam_unix(sshd:auth): authentication failure; logname= uid=0 euid=0 tty=ssh ruser= rhost=89.111.131.103[0m
Sep 24 13:37:42 vmi2705132.contaboserver.net kernel: [0;1;38;5;185m[0;1;39m[0;1;38;5;185m[UFW BLOCK] IN=eth0 OUT= MAC=00:50:56:5b:c9:b3:c0:69:11:cd:1b:b9:08:00 SRC=167.94.138.157 DST=161.97.100.37 LEN=60 TOS=0x00 PREC=0x00 TTL=56 ID=2285 PROTO=TCP SPT=49239 DPT=1801 WINDOW=42340 RES=0x00 SYN URGP=0 [0m
Sep 24 13:37:43 vmi2705132.contaboserver.net sshd[1258240]: Failed password for invalid user vale from 74.225.152.15 port 45428 ssh2
Sep 24 13:37:44 vmi2705132.contaboserver.net sshd[1258302]: Invalid user elp from 43.225.159.158 port 49200
Sep 24 13:37:44 vmi2705132.contaboserver.net sshd[1258302]: [0;1;39m[0;1;31m[0;1;39mpam_unix(sshd:auth): check pass; user unknown[0m
Sep 24 13:37:44 vmi2705132.contaboserver.net sshd[1258302]: [0;1;39m[0;1;31m[0;1;39mpam_unix(sshd:auth): authentication failure; logname= uid=0 euid=0 tty=ssh ruser= rhost=43.225.159.158[0m
Sep 24 13:37:44 vmi2705132.contaboserver.net sshd[1258288]: Failed password for invalid user polls from 89.111.131.103 port 41744 ssh2
Sep 24 13:37:45 vmi2705132.contaboserver.net sshd[1258240]: Received disconnect from 74.225.152.15 port 45428:11: Bye Bye [preauth]
Sep 24 13:37:45 vmi2705132.contaboserver.net sshd[1258240]: Disconnected from invalid user vale 74.225.152.15 port 45428 [preauth]
Sep 24 13:37:45 vmi2705132.contaboserver.net sshd[1258288]: Received disconnect from 89.111.131.103 port 41744:11: Bye Bye [preauth]
Sep 24 13:37:45 vmi2705132.contaboserver.net sshd[1258288]: Disconnected from invalid user polls 89.111.131.103 port 41744 [preauth]
Sep 24 13:37:46 vmi2705132.contaboserver.net sshd[1258302]: Failed password for invalid user elp from 43.225.159.158 port 49200 ssh2
Sep 24 13:37:48 vmi2705132.contaboserver.net sshd[1258440]: Invalid user updates from 57.129.132.147 port 50620
Sep 24 13:37:48 vmi2705132.contaboserver.net sshd[1258440]: [0;1;39m[0;1;31m[0;1;39mpam_unix(sshd:auth): check pass; user unknown[0m
Sep 24 13:37:48 vmi2705132.contaboserver.net sshd[1258440]: [0;1;39m[0;1;31m[0;1;39mpam_unix(sshd:auth): authentication failure; logname= uid=0 euid=0 tty=ssh ruser= rhost=57.129.132.147[0m
Sep 24 13:37:49 vmi2705132.contaboserver.net sshd[1258302]: Received disconnect from 43.225.159.158 port 49200:11: Bye Bye [preauth]
Sep 24 13:37:49 vmi2705132.contaboserver.net sshd[1258302]: Disconnected from invalid user elp 43.225.159.158 port 49200 [preauth]
Sep 24 13:37:50 vmi2705132.contaboserver.net sshd[1258440]: Failed password for invalid user updates from 57.129.132.147 port 50620 ssh2
Sep 24 13:37:50 vmi2705132.contaboserver.net sshd[1258440]: Received disconnect from 57.129.132.147 port 50620:11: Bye Bye [preauth]
Sep 24 13:37:50 vmi2705132.contaboserver.net sshd[1258440]: Disconnected from invalid user updates 57.129.132.147 port 50620 [preauth]
Sep 24 13:37:53 vmi2705132.contaboserver.net sshd[1258495]: Invalid user webmin from 14.63.198.239 port 52948
Sep 24 13:37:53 vmi2705132.contaboserver.net sshd[1258495]: [0;1;39m[0;1;31m[0;1;39mpam_unix(sshd:auth): check pass; user unknown[0m
Sep 24 13:37:53 vmi2705132.contaboserver.net sshd[1258495]: [0;1;39m[0;1;31m[0;1;39mpam_unix(sshd:auth): authentication failure; logname= uid=0 euid=0 tty=ssh ruser= rhost=14.63.198.239[0m
Sep 24 13:37:55 vmi2705132.contaboserver.net sshd[1258495]: Failed password for invalid user webmin from 14.63.198.239 port 52948 ssh2
Sep 24 13:37:56 vmi2705132.contaboserver.net sshd[1258495]: Received disconnect from 14.63.198.239 port 52948:11: Bye Bye [preauth]
Sep 24 13:37:56 vmi2705132.contaboserver.net sshd[1258495]: Disconnected from invalid user webmin 14.63.198.239 port 52948 [preauth]
Sep 24 13:37:57 vmi2705132.contaboserver.net sshd[1258649]: Invalid user titu from 45.119.80.10 port 59180
Sep 24 13:37:57 vmi2705132.contaboserver.net sshd[1258649]: [0;1;39m[0;1;31m[0;1;39mpam_unix(sshd:auth): check pass; user unknown[0m
Sep 24 13:37:57 vmi2705132.contaboserver.net sshd[1258649]: [0;1;39m[0;1;31m[0;1;39mpam_unix(sshd:auth): authentication failure; logname= uid=0 euid=0 tty=ssh ruser= rhost=45.119.80.10[0m
Sep 24 13:37:58 vmi2705132.contaboserver.net sudo[1258225]: pam_unix(sudo:session): session closed for user root
Sep 24 13:37:58 vmi2705132.contaboserver.net sshd[1258649]: Failed password for invalid user titu from 45.119.80.10 port 59180 ssh2
Sep 24 13:37:59 vmi2705132.contaboserver.net sshd[1258649]: Received disconnect from 45.119.80.10 port 59180:11: Bye Bye [preauth]
Sep 24 13:37:59 vmi2705132.contaboserver.net sshd[1258649]: Disconnected from invalid user titu 45.119.80.10 port 59180 [preauth]
Sep 24 13:38:01 vmi2705132.contaboserver.net sshd[1258754]: Invalid user myuser1 from 188.166.169.185 port 35692
Sep 24 13:38:01 vmi2705132.contaboserver.net sshd[1258754]: [0;1;39m[0;1;31m[0;1;39mpam_unix(sshd:auth): check pass; user unknown[0m
Sep 24 13:38:01 vmi2705132.contaboserver.net sshd[1258754]: [0;1;39m[0;1;31m[0;1;39mpam_unix(sshd:auth): authentication failure; logname= uid=0 euid=0 tty=ssh ruser= rhost=188.166.169.185[0m
Sep 24 13:38:01 vmi2705132.contaboserver.net sshd[1258768]: Invalid user tina from 217.160.7.83 port 41336
Sep 24 13:38:01 vmi2705132.contaboserver.net sshd[1258768]: [0;1;39m[0;1;31m[0;1;39mpam_unix(sshd:auth): check pass; user unknown[0m
Sep 24 13:38:01 vmi2705132.contaboserver.net sshd[1258768]: [0;1;39m[0;1;31m[0;1;39mpam_unix(sshd:auth): authentication failure; logname= uid=0 euid=0 tty=ssh ruser= rhost=217.160.7.83[0m
Sep 24 13:38:02 vmi2705132.contaboserver.net kernel: [0;1;38;5;185m[0;1;39m[0;1;38;5;185m[UFW BLOCK] IN=eth0 OUT= MAC=00:50:56:5b:c9:b3:c0:69:11:cd:1b:b9:08:00 SRC=167.94.145.31 DST=161.97.100.37 LEN=60 TOS=0x00 PREC=0x00 TTL=57 ID=43599 PROTO=TCP SPT=31787 DPT=52200 WINDOW=42340 RES=0x00 SYN URGP=0 [0m
Sep 24 13:38:03 vmi2705132.contaboserver.net sshd[1258754]: Failed password for invalid user myuser1 from 188.166.169.185 port 35692 ssh2
Sep 24 13:38:04 vmi2705132.contaboserver.net sshd[1258754]: Received disconnect from 188.166.169.185 port 35692:11: Bye Bye [preauth]
Sep 24 13:38:04 vmi2705132.contaboserver.net sshd[1258754]: Disconnected from invalid user myuser1 188.166.169.185 port 35692 [preauth]
Sep 24 13:38:04 vmi2705132.contaboserver.net sshd[1258768]: Failed password for invalid user tina from 217.160.7.83 port 41336 ssh2
Sep 24 13:38:04 vmi2705132.contaboserver.net sshd[1258768]: Received disconnect from 217.160.7.83 port 41336:11: Bye Bye [preauth]
Sep 24 13:38:04 vmi2705132.contaboserver.net sshd[1258768]: Disconnected from invalid user tina 217.160.7.83 port 41336 [preauth]
Sep 24 13:38:13 vmi2705132.contaboserver.net sshd[1258977]: Invalid user bbs from 27.112.79.123 port 40994
Sep 24 13:38:13 vmi2705132.contaboserver.net sshd[1258977]: [0;1;39m[0;1;31m[0;1;39mpam_unix(sshd:auth): check pass; user unknown[0m
Sep 24 13:38:13 vmi2705132.contaboserver.net sshd[1258977]: [0;1;39m[0;1;31m[0;1;39mpam_unix(sshd:auth): authentication failure; logname= uid=0 euid=0 tty=ssh ruser= rhost=27.112.79.123[0m
Sep 24 13:38:15 vmi2705132.contaboserver.net sshd[1258977]: Failed password for invalid user bbs from 27.112.79.123 port 40994 ssh2
Sep 24 13:38:17 vmi2705132.contaboserver.net sshd[1258977]: Received disconnect from 27.112.79.123 port 40994:11: Bye Bye [preauth]
Sep 24 13:38:17 vmi2705132.contaboserver.net sshd[1258977]: Disconnected from invalid user bbs 27.112.79.123 port 40994 [preauth]
Sep 24 13:38:17 vmi2705132.contaboserver.net sudo[1259117]: [0;1;39m[0;1;31m[0;1;39m    root : TTY=pts/0 ; PWD=/var/www/petalandpromise/chakshu ; USER=root ; COMMAND=/usr/sbin/nginx -t[0m
Sep 24 13:38:17 vmi2705132.contaboserver.net sudo[1259117]: pam_unix(sudo:session): session opened for user root(uid=0) by root(uid=0)
Sep 24 13:38:17 vmi2705132.contaboserver.net sudo[1259117]: pam_unix(sudo:session): session closed for user root
Sep 24 13:38:22 vmi2705132.contaboserver.net sudo[1259220]: [0;1;39m[0;1;31m[0;1;39m    root : TTY=pts/0 ; PWD=/var/www/petalandpromise/chakshu ; USER=root ; COMMAND=/usr/bin/systemctl reload nginx[0m
Sep 24 13:38:22 vmi2705132.contaboserver.net sudo[1259220]: pam_unix(sudo:session): session opened for user root(uid=0) by root(uid=0)
Sep 24 13:38:22 vmi2705132.contaboserver.net systemd[1]: Reloading A high performance web server and a reverse proxy server...
[0;38;5;245m░░ [0m[0;32mSubject: A reload job for unit nginx.service has begun execution[0m
[0;38;5;245m░░[0m [0;32mDefined-By: systemd[0m
[0;38;5;245m░░[0m [0;32mSupport: http://www.ubuntu.com/support[0m
[0;38;5;245m░░[0m [0;32m[0m
[0;38;5;245m░░[0m [0;32mA reload job for unit nginx.service has begun execution.[0m
[0;38;5;245m░░[0m [0;32m[0m
[0;38;5;245m░░[0m [0;32mThe job identifier is 251899.[0m
Sep 24 13:38:22 vmi2705132.contaboserver.net systemd[1]: Reloaded A high performance web server and a reverse proxy server.
[0;38;5;245m░░ [0m[0;32mSubject: A reload job for unit nginx.service has finished[0m
[0;38;5;245m░░[0m [0;32mDefined-By: systemd[0m
[0;38;5;245m░░[0m [0;32mSupport: http://www.ubuntu.com/support[0m
[0;38;5;245m░░[0m [0;32m[0m
