Sep 24 13:24:26 vmi2705132.contaboserver.net sshd[1255782]: [0;1;39m[0;1;31m[0;1;39mpam_unix(sshd:auth): check pass; user unknown[0m
Sep 24 13:24:26 vmi2705132.contaboserver.net sshd[1255782]: [0;1;39m[0;1;31m[0;1;39mpam_unix(sshd:auth): authentication failure; logname= uid=0 euid=0 tty=ssh ruser= rhost=89.111.131.103[0m
Sep 24 13:24:28 vmi2705132.contaboserver.net sshd[1255782]: Failed password for invalid user test5 from 89.111.131.103 port 37326 ssh2
Sep 24 13:24:29 vmi2705132.contaboserver.net sshd[1255782]: Received disconnect from 89.111.131.103 port 37326:11: Bye Bye [preauth]
Sep 24 13:24:29 vmi2705132.contaboserver.net sshd[1255782]: Disconnected from invalid user test5 89.111.131.103 port 37326 [preauth]
Sep 24 13:24:42 vmi2705132.contaboserver.net sshd[1255787]: Invalid user alan from 57.129.132.147 port 40140
Sep 24 13:24:42 vmi2705132.contaboserver.net sshd[1255787]: [0;1;39m[0;1;31m[0;1;39mpam_unix(sshd:auth): check pass; user unknown[0m
Sep 24 13:24:42 vmi2705132.contaboserver.net sshd[1255787]: [0;1;39m[0;1;31m[0;1;39mpam_unix(sshd:auth): authentication failure; logname= uid=0 euid=0 tty=ssh ruser= rhost=57.129.132.147[0m
Sep 24 13:24:42 vmi2705132.contaboserver.net sshd[1255785]: Invalid user alfalak from 14.63.198.239 port 53778
Sep 24 13:24:42 vmi2705132.contaboserver.net sshd[1255785]: [0;1;39m[0;1;31m[0;1;39mpam_unix(sshd:auth): check pass; user unknown[0m
Sep 24 13:24:42 vmi2705132.contaboserver.net sshd[1255785]: [0;1;39m[0;1;31m[0;1;39mpam_unix(sshd:auth): authentication failure; logname= uid=0 euid=0 tty=ssh ruser= rhost=14.63.198.239[0m
Sep 24 13:24:42 vmi2705132.contaboserver.net kernel: [0;1;38;5;185m[0;1;39m[0;1;38;5;185m[UFW BLOCK] IN=eth0 OUT= MAC=00:50:56:5b:c9:b3:c0:69:11:cd:1b:b9:08:00 SRC=78.128.114.110 DST=161.97.100.37 LEN=40 TOS=0x00 PREC=0x00 TTL=246 ID=20068 PROTO=TCP SPT=49588 DPT=1035 WINDOW=1024 RES=0x00 SYN URGP=0 [0m
Sep 24 13:24:43 vmi2705132.contaboserver.net sshd[1255787]: Failed password for invalid user alan from 57.129.132.147 port 40140 ssh2
Sep 24 13:24:44 vmi2705132.contaboserver.net sshd[1255789]: Invalid user xue from 103.200.25.159 port 40070
Sep 24 13:24:44 vmi2705132.contaboserver.net sshd[1255789]: [0;1;39m[0;1;31m[0;1;39mpam_unix(sshd:auth): check pass; user unknown[0m
Sep 24 13:24:44 vmi2705132.contaboserver.net sshd[1255789]: [0;1;39m[0;1;31m[0;1;39mpam_unix(sshd:auth): authentication failure; logname= uid=0 euid=0 tty=ssh ruser= rhost=103.200.25.159[0m
Sep 24 13:24:44 vmi2705132.contaboserver.net sshd[1255785]: Failed password for invalid user alfalak from 14.63.198.239 port 53778 ssh2
Sep 24 13:24:44 vmi2705132.contaboserver.net sshd[1255785]: Received disconnect from 14.63.198.239 port 53778:11: Bye Bye [preauth]
Sep 24 13:24:44 vmi2705132.contaboserver.net sshd[1255785]: Disconnected from invalid user alfalak 14.63.198.239 port 53778 [preauth]
Sep 24 13:24:45 vmi2705132.contaboserver.net sshd[1255787]: Received disconnect from 57.129.132.147 port 40140:11: Bye Bye [preauth]
Sep 24 13:24:45 vmi2705132.contaboserver.net sshd[1255787]: Disconnected from invalid user alan 57.129.132.147 port 40140 [preauth]
Sep 24 13:24:46 vmi2705132.contaboserver.net sshd[1255789]: Failed password for invalid user xue from 103.200.25.159 port 40070 ssh2
Sep 24 13:24:46 vmi2705132.contaboserver.net sshd[1255789]: Received disconnect from 103.200.25.159 port 40070:11: Bye Bye [preauth]
Sep 24 13:24:46 vmi2705132.contaboserver.net sshd[1255789]: Disconnected from invalid user xue 103.200.25.159 port 40070 [preauth]
Sep 24 13:24:47 vmi2705132.contaboserver.net sshd[1255792]: Invalid user sd from 153.126.167.148 port 53536
Sep 24 13:24:47 vmi2705132.contaboserver.net sshd[1255792]: [0;1;39m[0;1;31m[0;1;39mpam_unix(sshd:auth): check pass; user unknown[0m
Sep 24 13:24:47 vmi2705132.contaboserver.net sshd[1255792]: [0;1;39m[0;1;31m[0;1;39mpam_unix(sshd:auth): authentication failure; logname= uid=0 euid=0 tty=ssh ruser= rhost=153.126.167.148[0m
Sep 24 13:24:49 vmi2705132.contaboserver.net sshd[1255794]: [0;1;39m[0;1;31m[0;1;39mpam_unix(sshd:auth): authentication failure; logname= uid=0 euid=0 tty=ssh ruser= rhost=27.112.79.123  user=root[0m
Sep 24 13:24:49 vmi2705132.contaboserver.net sshd[1255792]: Failed password for invalid user sd from 153.126.167.148 port 53536 ssh2
Sep 24 13:24:50 vmi2705132.contaboserver.net sshd[1255792]: Received disconnect from 153.126.167.148 port 53536:11: Bye Bye [preauth]
Sep 24 13:24:50 vmi2705132.contaboserver.net sshd[1255792]: Disconnected from invalid user sd 153.126.167.148 port 53536 [preauth]
Sep 24 13:24:51 vmi2705132.contaboserver.net sshd[1255794]: Failed password for root from 27.112.79.123 port 55058 ssh2
Sep 24 13:24:53 vmi2705132.contaboserver.net sshd[1255794]: Received disconnect from 27.112.79.123 port 55058:11: Bye Bye [preauth]
Sep 24 13:24:53 vmi2705132.contaboserver.net sshd[1255794]: Disconnected from authenticating user root 27.112.79.123 port 55058 [preauth]
Sep 24 13:24:58 vmi2705132.contaboserver.net sshd[1255854]: Invalid user vmail from 188.166.169.185 port 39978
Sep 24 13:24:58 vmi2705132.contaboserver.net sshd[1255854]: [0;1;39m[0;1;31m[0;1;39mpam_unix(sshd:auth): check pass; user unknown[0m
Sep 24 13:24:58 vmi2705132.contaboserver.net sshd[1255854]: [0;1;39m[0;1;31m[0;1;39mpam_unix(sshd:auth): authentication failure; logname= uid=0 euid=0 tty=ssh ruser= rhost=188.166.169.185[0m
Sep 24 13:25:00 vmi2705132.contaboserver.net sshd[1255854]: Failed password for invalid user vmail from 188.166.169.185 port 39978 ssh2
Sep 24 13:25:01 vmi2705132.contaboserver.net sshd[1255854]: Received disconnect from 188.166.169.185 port 39978:11: Bye Bye [preauth]
Sep 24 13:25:01 vmi2705132.contaboserver.net sshd[1255854]: Disconnected from invalid user vmail 188.166.169.185 port 39978 [preauth]
Sep 24 13:25:02 vmi2705132.contaboserver.net sshd[1255886]: Invalid user xue from 45.119.80.10 port 52908
Sep 24 13:25:02 vmi2705132.contaboserver.net sshd[1255886]: [0;1;39m[0;1;31m[0;1;39mpam_unix(sshd:auth): check pass; user unknown[0m
Sep 24 13:25:02 vmi2705132.contaboserver.net sshd[1255886]: [0;1;39m[0;1;31m[0;1;39mpam_unix(sshd:auth): authentication failure; logname= uid=0 euid=0 tty=ssh ruser= rhost=45.119.80.10[0m
Sep 24 13:25:03 vmi2705132.contaboserver.net sshd[1255846]: Invalid user fahim from 34.72.21.57 port 53938
Sep 24 13:25:03 vmi2705132.contaboserver.net sshd[1255846]: [0;1;39m[0;1;31m[0;1;39mpam_unix(sshd:auth): check pass; user unknown[0m
Sep 24 13:25:03 vmi2705132.contaboserver.net sshd[1255846]: [0;1;39m[0;1;31m[0;1;39mpam_unix(sshd:auth): authentication failure; logname= uid=0 euid=0 tty=ssh ruser= rhost=34.72.21.57[0m
Sep 24 13:25:04 vmi2705132.contaboserver.net sshd[1255886]: Failed password for invalid user xue from 45.119.80.10 port 52908 ssh2
Sep 24 13:25:05 vmi2705132.contaboserver.net sshd[1255886]: Received disconnect from 45.119.80.10 port 52908:11: Bye Bye [preauth]
Sep 24 13:25:05 vmi2705132.contaboserver.net sshd[1255886]: Disconnected from invalid user xue 45.119.80.10 port 52908 [preauth]
Sep 24 13:25:05 vmi2705132.contaboserver.net sshd[1255846]: Failed password for invalid user fahim from 34.72.21.57 port 53938 ssh2
Sep 24 13:25:06 vmi2705132.contaboserver.net sshd[1255846]: Received disconnect from 34.72.21.57 port 53938:11: Bye Bye [preauth]
Sep 24 13:25:06 vmi2705132.contaboserver.net sshd[1255846]: Disconnected from invalid user fahim 34.72.21.57 port 53938 [preauth]
Sep 24 13:25:10 vmi2705132.contaboserver.net sshd[1255791]: Connection closed by 14.103.127.82 port 48998 [preauth]
Sep 24 13:25:12 vmi2705132.contaboserver.net sshd[1255911]: Invalid user ansible from 43.225.159.158 port 40944
Sep 24 13:25:12 vmi2705132.contaboserver.net kernel: [0;1;38;5;185m[0;1;39m[0;1;38;5;185m[UFW BLOCK] IN=eth0 OUT= MAC=00:50:56:5b:c9:b3:c0:69:11:cd:1b:b9:08:00 SRC=91.196.152.120 DST=161.97.100.37 LEN=60 TOS=0x00 PREC=0x00 TTL=50 ID=53308 DF PROTO=TCP SPT=42959 DPT=20208 WINDOW=5840 RES=0x00 SYN URGP=0 [0m
Sep 24 13:25:12 vmi2705132.contaboserver.net sshd[1255911]: [0;1;39m[0;1;31m[0;1;39mpam_unix(sshd:auth): check pass; user unknown[0m
Sep 24 13:25:12 vmi2705132.contaboserver.net sshd[1255911]: [0;1;39m[0;1;31m[0;1;39mpam_unix(sshd:auth): authentication failure; logname= uid=0 euid=0 tty=ssh ruser= rhost=43.225.159.158[0m
Sep 24 13:25:14 vmi2705132.contaboserver.net sshd[1255911]: Failed password for invalid user ansible from 43.225.159.158 port 40944 ssh2
Sep 24 13:25:15 vmi2705132.contaboserver.net sshd[1255914]: Invalid user jenkins from 62.60.131.157 port 42503
Sep 24 13:25:15 vmi2705132.contaboserver.net sshd[1255914]: [0;1;39m[0;1;31m[0;1;39mpam_unix(sshd:auth): check pass; user unknown[0m
Sep 24 13:25:15 vmi2705132.contaboserver.net sshd[1255914]: [0;1;39m[0;1;31m[0;1;39mpam_unix(sshd:auth): authentication failure; logname= uid=0 euid=0 tty=ssh ruser= rhost=62.60.131.157[0m
Sep 24 13:25:16 vmi2705132.contaboserver.net sshd[1255911]: Received disconnect from 43.225.159.158 port 40944:11: Bye Bye [preauth]
Sep 24 13:25:16 vmi2705132.contaboserver.net sshd[1255911]: Disconnected from invalid user ansible 43.225.159.158 port 40944 [preauth]
Sep 24 13:25:17 vmi2705132.contaboserver.net sshd[1255914]: Failed password for invalid user jenkins from 62.60.131.157 port 42503 ssh2
Sep 24 13:25:18 vmi2705132.contaboserver.net sshd[1255914]: [0;1;39m[0;1;31m[0;1;39mpam_unix(sshd:auth): check pass; user unknown[0m
Sep 24 13:25:20 vmi2705132.contaboserver.net sshd[1255914]: Failed password for invalid user jenkins from 62.60.131.157 port 42503 ssh2
Sep 24 13:25:20 vmi2705132.contaboserver.net sshd[1255914]: [0;1;39m[0;1;31m[0;1;39mpam_unix(sshd:auth): check pass; user unknown[0m
Sep 24 13:25:21 vmi2705132.contaboserver.net kernel: [0;1;38;5;185m[0;1;39m[0;1;38;5;185m[UFW BLOCK] IN=eth0 OUT= MAC=00:50:56:5b:c9:b3:c0:69:11:cd:1b:b9:08:00 SRC=204.76.203.10 DST=161.97.100.37 LEN=40 TOS=0x00 PREC=0x00 TTL=243 ID=54321 PROTO=TCP SPT=39786 DPT=60001 WINDOW=65535 RES=0x00 SYN URGP=0 [0m
Sep 24 13:25:21 vmi2705132.contaboserver.net sshd[1256012]: Invalid user test from 105.247.69.196 port 57524
Sep 24 13:25:21 vmi2705132.contaboserver.net sshd[1256012]: [0;1;39m[0;1;31m[0;1;39mpam_unix(sshd:auth): check pass; user unknown[0m
Sep 24 13:25:21 vmi2705132.contaboserver.net sshd[1256012]: [0;1;39m[0;1;31m[0;1;39mpam_unix(sshd:auth): authentication failure; logname= uid=0 euid=0 tty=ssh ruser= rhost=105.247.69.196[0m
Sep 24 13:25:23 vmi2705132.contaboserver.net sshd[1255914]: Failed password for invalid user jenkins from 62.60.131.157 port 42503 ssh2
Sep 24 13:25:24 vmi2705132.contaboserver.net sshd[1256012]: Failed password for invalid user test from 105.247.69.196 port 57524 ssh2
Sep 24 13:25:24 vmi2705132.contaboserver.net sshd[1255914]: [0;1;39m[0;1;31m[0;1;39mpam_unix(sshd:auth): check pass; user unknown[0m
Sep 24 13:25:25 vmi2705132.contaboserver.net sshd[1256012]: Received disconnect from 105.247.69.196 port 57524:11: Bye Bye [preauth]
Sep 24 13:25:25 vmi2705132.contaboserver.net sshd[1256012]: Disconnected from invalid user test 105.247.69.196 port 57524 [preauth]
Sep 24 13:25:26 vmi2705132.contaboserver.net sshd[1255914]: Failed password for invalid user jenkins from 62.60.131.157 port 42503 ssh2
Sep 24 13:25:27 vmi2705132.contaboserver.net sshd[1255914]: [0;1;39m[0;1;31m[0;1;39mpam_unix(sshd:auth): check pass; user unknown[0m
Sep 24 13:25:30 vmi2705132.contaboserver.net sshd[1255914]: Failed password for invalid user jenkins from 62.60.131.157 port 42503 ssh2
Sep 24 13:25:30 vmi2705132.contaboserver.net sshd[1256023]: [0;1;39m[0;1;31m[0;1;39mpam_unix(sshd:auth): authentication failure; logname= uid=0 euid=0 tty=ssh ruser= rhost=74.225.152.15  user=root[0m
Sep 24 13:25:31 vmi2705132.contaboserver.net sshd[1255914]: Received disconnect from 62.60.131.157 port 42503:11: Bye [preauth]
Sep 24 13:25:31 vmi2705132.contaboserver.net sshd[1255914]: Disconnected from invalid user jenkins 62.60.131.157 port 42503 [preauth]
Sep 24 13:25:31 vmi2705132.contaboserver.net sshd[1255914]: [0;1;39m[0;1;31m[0;1;39mPAM 4 more authentication failures; logname= uid=0 euid=0 tty=ssh ruser= rhost=62.60.131.157[0m
Sep 24 13:25:31 vmi2705132.contaboserver.net sshd[1255914]: [0;1;39m[0;1;31m[0;1;39mPAM service(sshd) ignoring max retries; 5 > 3[0m
Sep 24 13:25:32 vmi2705132.contaboserver.net sshd[1256023]: Failed password for root from 74.225.152.15 port 46066 ssh2
Sep 24 13:25:32 vmi2705132.contaboserver.net sshd[1256023]: Received disconnect from 74.225.152.15 port 46066:11: Bye Bye [preauth]
Sep 24 13:25:32 vmi2705132.contaboserver.net sshd[1256023]: Disconnected from authenticating user root 74.225.152.15 port 46066 [preauth]
Sep 24 13:25:36 vmi2705132.contaboserver.net sshd[1256026]: [0;1;39m[0;1;31m[0;1;39mpam_unix(sshd:auth): authentication failure; logname= uid=0 euid=0 tty=ssh ruser= rhost=57.129.132.147  user=root[0m
Sep 24 13:25:37 vmi2705132.contaboserver.net sshd[1256028]: Invalid user fileuser from 89.111.131.103 port 40724
Sep 24 13:25:37 vmi2705132.contaboserver.net sshd[1256028]: [0;1;39m[0;1;31m[0;1;39mpam_unix(sshd:auth): check pass; user unknown[0m
Sep 24 13:25:37 vmi2705132.contaboserver.net sshd[1256028]: [0;1;39m[0;1;31m[0;1;39mpam_unix(sshd:auth): authentication failure; logname= uid=0 euid=0 tty=ssh ruser= rhost=89.111.131.103[0m
Sep 24 13:25:38 vmi2705132.contaboserver.net sshd[1256026]: Failed password for root from 57.129.132.147 port 57478 ssh2
Sep 24 13:25:39 vmi2705132.contaboserver.net sshd[1256028]: Failed password for invalid user fileuser from 89.111.131.103 port 40724 ssh2
Sep 24 13:25:40 vmi2705132.contaboserver.net sshd[1256026]: Received disconnect from 57.129.132.147 port 57478:11: Bye Bye [preauth]
Sep 24 13:25:40 vmi2705132.contaboserver.net sshd[1256026]: Disconnected from authenticating user root 57.129.132.147 port 57478 [preauth]
Sep 24 13:25:41 vmi2705132.contaboserver.net sshd[1256028]: Received disconnect from 89.111.131.103 port 40724:11: Bye Bye [preauth]
Sep 24 13:25:41 vmi2705132.contaboserver.net sshd[1256028]: Disconnected from invalid user fileuser 89.111.131.103 port 40724 [preauth]
Sep 24 13:25:46 vmi2705132.contaboserver.net kernel: [0;1;38;5;185m[0;1;39m[0;1;38;5;185m[UFW BLOCK] IN=eth0 OUT= MAC=00:50:56:5b:c9:b3:c0:69:11:cd:1b:b9:08:00 SRC=68.183.88.119 DST=161.97.100.37 LEN=40 TOS=0x00 PREC=0x00 TTL=243 ID=32230 PROTO=TCP SPT=58217 DPT=23547 WINDOW=1024 RES=0x00 SYN URGP=0 [0m
Sep 24 13:25:52 vmi2705132.contaboserver.net sshd[1256030]: [0;1;39m[0;1;31m[0;1;39mpam_unix(sshd:auth): authentication failure; logname= uid=0 euid=0 tty=ssh ruser= rhost=100.42.181.218  user=root[0m
Sep 24 13:25:54 vmi2705132.contaboserver.net sshd[1256030]: Failed password for root from 100.42.181.218 port 55930 ssh2
Sep 24 13:25:54 vmi2705132.contaboserver.net sshd[1256030]: Connection closed by authenticating user root 100.42.181.218 port 55930 [preauth]
Sep 24 13:25:54 vmi2705132.contaboserver.net sshd[1256032]: Invalid user vale from 14.63.198.239 port 48578
Sep 24 13:25:54 vmi2705132.contaboserver.net sshd[1256032]: [0;1;39m[0;1;31m[0;1;39mpam_unix(sshd:auth): check pass; user unknown[0m
Sep 24 13:25:54 vmi2705132.contaboserver.net sshd[1256032]: [0;1;39m[0;1;31m[0;1;39mpam_unix(sshd:auth): authentication failure; logname= uid=0 euid=0 tty=ssh ruser= rhost=14.63.198.239[0m
Sep 24 13:25:54 vmi2705132.contaboserver.net sshd[1256034]: Invalid user zahid from 188.166.169.185 port 44506
Sep 24 13:25:54 vmi2705132.contaboserver.net sshd[1256034]: [0;1;39m[0;1;31m[0;1;39mpam_unix(sshd:auth): check pass; user unknown[0m
Sep 24 13:25:54 vmi2705132.contaboserver.net sshd[1256034]: [0;1;39m[0;1;31m[0;1;39mpam_unix(sshd:auth): authentication failure; logname= uid=0 euid=0 tty=ssh ruser= rhost=188.166.169.185[0m
Sep 24 13:25:56 vmi2705132.contaboserver.net sshd[1256032]: Failed password for invalid user vale from 14.63.198.239 port 48578 ssh2
Sep 24 13:25:57 vmi2705132.contaboserver.net sshd[1256034]: Failed password for invalid user zahid from 188.166.169.185 port 44506 ssh2
Sep 24 13:25:58 vmi2705132.contaboserver.net sshd[1256034]: Received disconnect from 188.166.169.185 port 44506:11: Bye Bye [preauth]
Sep 24 13:25:58 vmi2705132.contaboserver.net sshd[1256034]: Disconnected from invalid user zahid 188.166.169.185 port 44506 [preauth]
Sep 24 13:25:58 vmi2705132.contaboserver.net sshd[1256032]: Received disconnect from 14.63.198.239 port 48578:11: Bye Bye [preauth]
Sep 24 13:25:58 vmi2705132.contaboserver.net sshd[1256032]: Disconnected from invalid user vale 14.63.198.239 port 48578 [preauth]
Sep 24 13:26:01 vmi2705132.contaboserver.net sshd[1256038]: Invalid user marko from 27.112.79.123 port 38712
Sep 24 13:26:01 vmi2705132.contaboserver.net sshd[1256038]: [0;1;39m[0;1;31m[0;1;39mpam_unix(sshd:auth): check pass; user unknown[0m
Sep 24 13:26:01 vmi2705132.contaboserver.net sshd[1256038]: [0;1;39m[0;1;31m[0;1;39mpam_unix(sshd:auth): authentication failure; logname= uid=0 euid=0 tty=ssh ruser= rhost=27.112.79.123[0m
Sep 24 13:26:01 vmi2705132.contaboserver.net kernel: [0;1;38;5;185m[0;1;39m[0;1;38;5;185m[UFW BLOCK] IN=eth0 OUT= MAC=00:50:56:5b:c9:b3:c0:69:11:cd:1b:b9:08:00 SRC=37.60.141.158 DST=161.97.100.37 LEN=40 TOS=0x00 PREC=0x00 TTL=246 ID=54321 PROTO=TCP SPT=36596 DPT=17000 WINDOW=65535 RES=0x00 SYN URGP=0 [0m
Sep 24 13:26:02 vmi2705132.contaboserver.net sshd[1256041]: Invalid user ubuntu from 103.200.25.159 port 47402
Sep 24 13:26:02 vmi2705132.contaboserver.net sshd[1256041]: [0;1;39m[0;1;31m[0;1;39mpam_unix(sshd:auth): check pass; user unknown[0m
Sep 24 13:26:02 vmi2705132.contaboserver.net sshd[1256041]: [0;1;39m[0;1;31m[0;1;39mpam_unix(sshd:auth): authentication failure; logname= uid=0 euid=0 tty=ssh ruser= rhost=103.200.25.159[0m
Sep 24 13:26:02 vmi2705132.contaboserver.net sshd[1256038]: Failed password for invalid user marko from 27.112.79.123 port 38712 ssh2
Sep 24 13:26:03 vmi2705132.contaboserver.net sshd[1256038]: Received disconnect from 27.112.79.123 port 38712:11: Bye Bye [preauth]
Sep 24 13:26:03 vmi2705132.contaboserver.net sshd[1256038]: Disconnected from invalid user marko 27.112.79.123 port 38712 [preauth]
Sep 24 13:26:04 vmi2705132.contaboserver.net sshd[1256040]: Invalid user odoo17 from 14.103.127.82 port 34286
Sep 24 13:26:04 vmi2705132.contaboserver.net sshd[1256040]: [0;1;39m[0;1;31m[0;1;39mpam_unix(sshd:auth): check pass; user unknown[0m
Sep 24 13:26:04 vmi2705132.contaboserver.net sshd[1256040]: [0;1;39m[0;1;31m[0;1;39mpam_unix(sshd:auth): authentication failure; logname= uid=0 euid=0 tty=ssh ruser= rhost=14.103.127.82[0m
Sep 24 13:26:05 vmi2705132.contaboserver.net sshd[1256041]: Failed password for invalid user ubuntu from 103.200.25.159 port 47402 ssh2
Sep 24 13:26:06 vmi2705132.contaboserver.net sshd[1256040]: Failed password for invalid user odoo17 from 14.103.127.82 port 34286 ssh2
Sep 24 13:26:07 vmi2705132.contaboserver.net sshd[1256041]: Received disconnect from 103.200.25.159 port 47402:11: Bye Bye [preauth]
Sep 24 13:26:07 vmi2705132.contaboserver.net sshd[1256041]: Disconnected from invalid user ubuntu 103.200.25.159 port 47402 [preauth]
Sep 24 13:26:08 vmi2705132.contaboserver.net sshd[1256040]: Received disconnect from 14.103.127.82 port 34286:11: Bye Bye [preauth]
Sep 24 13:26:08 vmi2705132.contaboserver.net sshd[1256040]: Disconnected from invalid user odoo17 14.103.127.82 port 34286 [preauth]
Sep 24 13:26:13 vmi2705132.contaboserver.net sshd[1256044]: [0;1;39m[0;1;31m[0;1;39mpam_unix(sshd:auth): authentication failure; logname= uid=0 euid=0 tty=ssh ruser= rhost=45.119.80.10  user=root[0m
Sep 24 13:26:15 vmi2705132.contaboserver.net sshd[1256044]: Failed password for root from 45.119.80.10 port 59824 ssh2
Sep 24 13:26:17 vmi2705132.contaboserver.net sshd[1256044]: Received disconnect from 45.119.80.10 port 59824:11: Bye Bye [preauth]
Sep 24 13:26:17 vmi2705132.contaboserver.net sshd[1256044]: Disconnected from authenticating user root 45.119.80.10 port 59824 [preauth]
Sep 24 13:26:21 vmi2705132.contaboserver.net sshd[1256046]: Invalid user tania from 43.225.159.158 port 56522
Sep 24 13:26:21 vmi2705132.contaboserver.net sshd[1256046]: [0;1;39m[0;1;31m[0;1;39mpam_unix(sshd:auth): check pass; user unknown[0m
Sep 24 13:26:21 vmi2705132.contaboserver.net sshd[1256046]: [0;1;39m[0;1;31m[0;1;39mpam_unix(sshd:auth): authentication failure; logname= uid=0 euid=0 tty=ssh ruser= rhost=43.225.159.158[0m
Sep 24 13:26:23 vmi2705132.contaboserver.net sshd[1256046]: Failed password for invalid user tania from 43.225.159.158 port 56522 ssh2
Sep 24 13:26:23 vmi2705132.contaboserver.net kernel: [0;1;38;5;185m[0;1;39m[0;1;38;5;185m[UFW BLOCK] IN=eth0 OUT= MAC=00:50:56:5b:c9:b3:c0:69:11:cd:1b:b9:08:00 SRC=79.124.49.102 DST=161.97.100.37 LEN=40 TOS=0x00 PREC=0x00 TTL=246 ID=2776 PROTO=TCP SPT=56079 DPT=2600 WINDOW=1024 RES=0x00 SYN URGP=0 [0m
Sep 24 13:26:24 vmi2705132.contaboserver.net sshd[1256046]: Received disconnect from 43.225.159.158 port 56522:11: Bye Bye [preauth]
Sep 24 13:26:24 vmi2705132.contaboserver.net sshd[1256046]: Disconnected from invalid user tania 43.225.159.158 port 56522 [preauth]
Sep 24 13:26:34 vmi2705132.contaboserver.net sshd[1256051]: Invalid user pm from 57.129.132.147 port 47694
Sep 24 13:26:34 vmi2705132.contaboserver.net sshd[1256051]: [0;1;39m[0;1;31m[0;1;39mpam_unix(sshd:auth): check pass; user unknown[0m
Sep 24 13:26:34 vmi2705132.contaboserver.net sshd[1256051]: [0;1;39m[0;1;31m[0;1;39mpam_unix(sshd:auth): authentication failure; logname= uid=0 euid=0 tty=ssh ruser= rhost=57.129.132.147[0m
Sep 24 13:26:36 vmi2705132.contaboserver.net sshd[1256051]: Failed password for invalid user pm from 57.129.132.147 port 47694 ssh2
Sep 24 13:26:37 vmi2705132.contaboserver.net sshd[1256051]: Received disconnect from 57.129.132.147 port 47694:11: Bye Bye [preauth]
Sep 24 13:26:37 vmi2705132.contaboserver.net sshd[1256051]: Disconnected from invalid user pm 57.129.132.147 port 47694 [preauth]
Sep 24 13:26:39 vmi2705132.contaboserver.net sshd[1256053]: [0;1;39m[0;1;31m[0;1;39mpam_unix(sshd:auth): authentication failure; logname= uid=0 euid=0 tty=ssh ruser= rhost=153.126.167.148  user=root[0m
Sep 24 13:26:41 vmi2705132.contaboserver.net sshd[1256053]: Failed password for root from 153.126.167.148 port 55874 ssh2
Sep 24 13:26:43 vmi2705132.contaboserver.net sshd[1256053]: Received disconnect from 153.126.167.148 port 55874:11: Bye Bye [preauth]
Sep 24 13:26:43 vmi2705132.contaboserver.net sshd[1256053]: Disconnected from authenticating user root 153.126.167.148 port 55874 [preauth]
Sep 24 13:26:47 vmi2705132.contaboserver.net sshd[1256055]: Invalid user teste1 from 89.111.131.103 port 40812
Sep 24 13:26:47 vmi2705132.contaboserver.net sshd[1256055]: [0;1;39m[0;1;31m[0;1;39mpam_unix(sshd:auth): check pass; user unknown[0m
Sep 24 13:26:47 vmi2705132.contaboserver.net sshd[1256055]: [0;1;39m[0;1;31m[0;1;39mpam_unix(sshd:auth): authentication failure; logname= uid=0 euid=0 tty=ssh ruser= rhost=89.111.131.103[0m
Sep 24 13:26:49 vmi2705132.contaboserver.net sshd[1256055]: Failed password for invalid user teste1 from 89.111.131.103 port 40812 ssh2
Sep 24 13:26:49 vmi2705132.contaboserver.net sshd[1256055]: Received disconnect from 89.111.131.103 port 40812:11: Bye Bye [preauth]
Sep 24 13:26:49 vmi2705132.contaboserver.net sshd[1256055]: Disconnected from invalid user teste1 89.111.131.103 port 40812 [preauth]
Sep 24 13:26:53 vmi2705132.contaboserver.net sshd[1256061]: Invalid user mehrdad from 188.166.169.185 port 44992
Sep 24 13:26:53 vmi2705132.contaboserver.net sshd[1256061]: [0;1;39m[0;1;31m[0;1;39mpam_unix(sshd:auth): check pass; user unknown[0m
Sep 24 13:26:53 vmi2705132.contaboserver.net sshd[1256061]: [0;1;39m[0;1;31m[0;1;39mpam_unix(sshd:auth): authentication failure; logname= uid=0 euid=0 tty=ssh ruser= rhost=188.166.169.185[0m
Sep 24 13:26:53 vmi2705132.contaboserver.net sshd[1256059]: Invalid user cowrie from 105.247.69.196 port 41510
Sep 24 13:26:53 vmi2705132.contaboserver.net sshd[1256059]: [0;1;39m[0;1;31m[0;1;39mpam_unix(sshd:auth): check pass; user unknown[0m
Sep 24 13:26:53 vmi2705132.contaboserver.net sshd[1256059]: [0;1;39m[0;1;31m[0;1;39mpam_unix(sshd:auth): authentication failure; logname= uid=0 euid=0 tty=ssh ruser= rhost=105.247.69.196[0m
Sep 24 13:26:54 vmi2705132.contaboserver.net sshd[1256063]: Invalid user yuri from 74.225.152.15 port 49860
Sep 24 13:26:54 vmi2705132.contaboserver.net sshd[1256063]: [0;1;39m[0;1;31m[0;1;39mpam_unix(sshd:auth): check pass; user unknown[0m
Sep 24 13:26:54 vmi2705132.contaboserver.net sshd[1256063]: [0;1;39m[0;1;31m[0;1;39mpam_unix(sshd:auth): authentication failure; logname= uid=0 euid=0 tty=ssh ruser= rhost=74.225.152.15[0m
Sep 24 13:26:54 vmi2705132.contaboserver.net sshd[1256061]: Failed password for invalid user mehrdad from 188.166.169.185 port 44992 ssh2
Sep 24 13:26:55 vmi2705132.contaboserver.net sshd[1256061]: Received disconnect from 188.166.169.185 port 44992:11: Bye Bye [preauth]
Sep 24 13:26:55 vmi2705132.contaboserver.net sshd[1256061]: Disconnected from invalid user mehrdad 188.166.169.185 port 44992 [preauth]
Sep 24 13:26:55 vmi2705132.contaboserver.net sshd[1256059]: Failed password for invalid user cowrie from 105.247.69.196 port 41510 ssh2
Sep 24 13:26:56 vmi2705132.contaboserver.net sshd[1256059]: Received disconnect from 105.247.69.196 port 41510:11: Bye Bye [preauth]
Sep 24 13:26:56 vmi2705132.contaboserver.net sshd[1256059]: Disconnected from invalid user cowrie 105.247.69.196 port 41510 [preauth]
Sep 24 13:26:56 vmi2705132.contaboserver.net sshd[1256063]: Failed password for invalid user yuri from 74.225.152.15 port 49860 ssh2
Sep 24 13:26:58 vmi2705132.contaboserver.net sshd[1256063]: Received disconnect from 74.225.152.15 port 49860:11: Bye Bye [preauth]
Sep 24 13:26:58 vmi2705132.contaboserver.net sshd[1256063]: Disconnected from invalid user yuri 74.225.152.15 port 49860 [preauth]
Sep 24 13:27:03 vmi2705132.contaboserver.net sshd[1256022]: Connection closed by 14.103.127.82 port 35926 [preauth]
Sep 24 13:27:07 vmi2705132.contaboserver.net kernel: [0;1;38;5;185m[0;1;39m[0;1;38;5;185m[UFW BLOCK] IN=eth0 OUT= MAC=00:50:56:5b:c9:b3:c0:69:11:cd:1b:b9:08:00 SRC=68.183.88.119 DST=161.97.100.37 LEN=40 TOS=0x00 PREC=0x00 TTL=243 ID=56333 PROTO=TCP SPT=58217 DPT=24773 WINDOW=1024 RES=0x00 SYN URGP=0 [0m
Sep 24 13:27:07 vmi2705132.contaboserver.net sshd[1256066]: Invalid user wd from 14.63.198.239 port 43368
Sep 24 13:27:07 vmi2705132.contaboserver.net sshd[1256066]: [0;1;39m[0;1;31m[0;1;39mpam_unix(sshd:auth): check pass; user unknown[0m
Sep 24 13:27:07 vmi2705132.contaboserver.net sshd[1256066]: [0;1;39m[0;1;31m[0;1;39mpam_unix(sshd:auth): authentication failure; logname= uid=0 euid=0 tty=ssh ruser= rhost=14.63.198.239[0m
Sep 24 13:27:09 vmi2705132.contaboserver.net sshd[1256066]: Failed password for invalid user wd from 14.63.198.239 port 43368 ssh2
Sep 24 13:27:10 vmi2705132.contaboserver.net sshd[1256066]: Received disconnect from 14.63.198.239 port 43368:11: Bye Bye [preauth]
Sep 24 13:27:10 vmi2705132.contaboserver.net sshd[1256066]: Disconnected from invalid user wd 14.63.198.239 port 43368 [preauth]
Sep 24 13:27:10 vmi2705132.contaboserver.net sshd[1256070]: Invalid user ansible from 27.112.79.123 port 53840
Sep 24 13:27:10 vmi2705132.contaboserver.net sshd[1256070]: [0;1;39m[0;1;31m[0;1;39mpam_unix(sshd:auth): check pass; user unknown[0m
Sep 24 13:27:10 vmi2705132.contaboserver.net sshd[1256070]: [0;1;39m[0;1;31m[0;1;39mpam_unix(sshd:auth): authentication failure; logname= uid=0 euid=0 tty=ssh ruser= rhost=27.112.79.123[0m
Sep 24 13:27:12 vmi2705132.contaboserver.net kernel: [0;1;38;5;185m[0;1;39m[0;1;38;5;185m[UFW BLOCK] IN=eth0 OUT= MAC=00:50:56:5b:c9:b3:c0:69:11:cd:1b:b9:08:00 SRC=79.124.40.118 DST=161.97.100.37 LEN=40 TOS=0x00 PREC=0x00 TTL=247 ID=668 PROTO=TCP SPT=51759 DPT=63657 WINDOW=1024 RES=0x00 SYN URGP=0 [0m
Sep 24 13:27:12 vmi2705132.contaboserver.net sshd[1256070]: Failed password for invalid user ansible from 27.112.79.123 port 53840 ssh2
Sep 24 13:27:14 vmi2705132.contaboserver.net sshd[1256070]: Received disconnect from 27.112.79.123 port 53840:11: Bye Bye [preauth]
Sep 24 13:27:14 vmi2705132.contaboserver.net sshd[1256070]: Disconnected from invalid user ansible 27.112.79.123 port 53840 [preauth]
Sep 24 13:27:21 vmi2705132.contaboserver.net kernel: [0;1;38;5;185m[0;1;39m[0;1;38;5;185m[UFW BLOCK] IN=eth0 OUT= MAC=00:50:56:5b:c9:b3:c0:69:11:cd:1b:b9:08:00 SRC=195.184.76.23 DST=161.97.100.37 LEN=60 TOS=0x00 PREC=0x00 TTL=51 ID=31752 DF PROTO=TCP SPT=41053 DPT=10009 WINDOW=5840 RES=0x00 SYN URGP=0 [0m
Sep 24 13:27:21 vmi2705132.contaboserver.net sshd[1256072]: [0;1;39m[0;1;31m[0;1;39mpam_unix(sshd:auth): authentication failure; logname= uid=0 euid=0 tty=ssh ruser= rhost=103.200.25.159  user=root[0m
Sep 24 13:27:22 vmi2705132.contaboserver.net sshd[1256068]: Connection closed by 43.156.137.214 port 36508 [preauth]
Sep 24 13:27:23 vmi2705132.contaboserver.net sshd[1256072]: Failed password for root from 103.200.25.159 port 57084 ssh2
Sep 24 13:27:23 vmi2705132.contaboserver.net sshd[1256072]: Received disconnect from 103.200.25.159 port 57084:11: Bye Bye [preauth]
Sep 24 13:27:23 vmi2705132.contaboserver.net sshd[1256072]: Disconnected from authenticating user root 103.200.25.159 port 57084 [preauth]
Sep 24 13:27:24 vmi2705132.contaboserver.net sshd[1256074]: [0;1;39m[0;1;31m[0;1;39mpam_unix(sshd:auth): authentication failure; logname= uid=0 euid=0 tty=ssh ruser= rhost=45.119.80.10  user=root[0m
Sep 24 13:27:24 vmi2705132.contaboserver.net sshd[1256076]: [0;1;39m[0;1;31m[0;1;39mpam_unix(sshd:auth): authentication failure; logname= uid=0 euid=0 tty=ssh ruser= rhost=100.42.181.218  user=root[0m
Sep 24 13:27:25 vmi2705132.contaboserver.net sshd[1256074]: Failed password for root from 45.119.80.10 port 55318 ssh2
Sep 24 13:27:26 vmi2705132.contaboserver.net sshd[1256076]: Failed password for root from 100.42.181.218 port 55128 ssh2
Sep 24 13:27:26 vmi2705132.contaboserver.net sshd[1256077]: Invalid user gbasedbt from 43.225.159.158 port 43216
Sep 24 13:27:26 vmi2705132.contaboserver.net sshd[1256077]: [0;1;39m[0;1;31m[0;1;39mpam_unix(sshd:auth): check pass; user unknown[0m
Sep 24 13:27:26 vmi2705132.contaboserver.net sshd[1256077]: [0;1;39m[0;1;31m[0;1;39mpam_unix(sshd:auth): authentication failure; logname= uid=0 euid=0 tty=ssh ruser= rhost=43.225.159.158[0m
Sep 24 13:27:26 vmi2705132.contaboserver.net sshd[1256074]: Received disconnect from 45.119.80.10 port 55318:11: Bye Bye [preauth]
Sep 24 13:27:26 vmi2705132.contaboserver.net sshd[1256074]: Disconnected from authenticating user root 45.119.80.10 port 55318 [preauth]
Sep 24 13:27:26 vmi2705132.contaboserver.net sshd[1256076]: Connection closed by authenticating user root 100.42.181.218 port 55128 [preauth]
Sep 24 13:27:28 vmi2705132.contaboserver.net sshd[1256077]: Failed password for invalid user gbasedbt from 43.225.159.158 port 43216 ssh2
Sep 24 13:27:31 vmi2705132.contaboserver.net sshd[1256077]: Received disconnect from 43.225.159.158 port 43216:11: Bye Bye [preauth]
Sep 24 13:27:31 vmi2705132.contaboserver.net sshd[1256077]: Disconnected from invalid user gbasedbt 43.225.159.158 port 43216 [preauth]
Sep 24 13:27:31 vmi2705132.contaboserver.net sshd[1256080]: [0;1;39m[0;1;31m[0;1;39mpam_unix(sshd:auth): authentication failure; logname= uid=0 euid=0 tty=ssh ruser= rhost=57.129.132.147  user=root[0m
Sep 24 13:27:33 vmi2705132.contaboserver.net sshd[1256080]: Failed password for root from 57.129.132.147 port 51806 ssh2
Sep 24 13:27:35 vmi2705132.contaboserver.net sshd[1256080]: Received disconnect from 57.129.132.147 port 51806:11: Bye Bye [preauth]
Sep 24 13:27:35 vmi2705132.contaboserver.net sshd[1256080]: Disconnected from authenticating user root 57.129.132.147 port 51806 [preauth]
Sep 24 13:27:40 vmi2705132.contaboserver.net kernel: [0;1;38;5;185m[0;1;39m[0;1;38;5;185m[UFW BLOCK] IN=eth0 OUT= MAC=00:50:56:5b:c9:b3:c0:69:11:cd:1b:b9:08:00 SRC=79.124.49.130 DST=161.97.100.37 LEN=40 TOS=0x00 PREC=0x00 TTL=246 ID=29764 PROTO=TCP SPT=53753 DPT=16433 WINDOW=1024 RES=0x00 SYN URGP=0 [0m
Sep 24 13:27:49 vmi2705132.contaboserver.net sshd[1256090]: Invalid user traccar from 188.166.169.185 port 55278
Sep 24 13:27:49 vmi2705132.contaboserver.net sshd[1256090]: [0;1;39m[0;1;31m[0;1;39mpam_unix(sshd:auth): check pass; user unknown[0m
Sep 24 13:27:49 vmi2705132.contaboserver.net sshd[1256090]: [0;1;39m[0;1;31m[0;1;39mpam_unix(sshd:auth): authentication failure; logname= uid=0 euid=0 tty=ssh ruser= rhost=188.166.169.185[0m
Sep 24 13:27:50 vmi2705132.contaboserver.net sshd[1256087]: Invalid user star from 34.72.21.57 port 35408
Sep 24 13:27:50 vmi2705132.contaboserver.net sshd[1256087]: [0;1;39m[0;1;31m[0;1;39mpam_unix(sshd:auth): check pass; user unknown[0m
Sep 24 13:27:50 vmi2705132.contaboserver.net sshd[1256087]: [0;1;39m[0;1;31m[0;1;39mpam_unix(sshd:auth): authentication failure; logname= uid=0 euid=0 tty=ssh ruser= rhost=34.72.21.57[0m
Sep 24 13:27:51 vmi2705132.contaboserver.net sshd[1256090]: Failed password for invalid user traccar from 188.166.169.185 port 55278 ssh2
Sep 24 13:27:52 vmi2705132.contaboserver.net sshd[1256090]: Received disconnect from 188.166.169.185 port 55278:11: Bye Bye [preauth]
Sep 24 13:27:52 vmi2705132.contaboserver.net sshd[1256090]: Disconnected from invalid user traccar 188.166.169.185 port 55278 [preauth]
Sep 24 13:27:52 vmi2705132.contaboserver.net sshd[1256093]: [0;1;39m[0;1;31m[0;1;39mpam_unix(sshd:auth): authentication failure; logname= uid=0 euid=0 tty=ssh ruser= rhost=89.111.131.103  user=root[0m
Sep 24 13:27:52 vmi2705132.contaboserver.net sshd[1256087]: Failed password for invalid user star from 34.72.21.57 port 35408 ssh2
Sep 24 13:27:53 vmi2705132.contaboserver.net sshd[1256087]: Received disconnect from 34.72.21.57 port 35408:11: Bye Bye [preauth]
Sep 24 13:27:53 vmi2705132.contaboserver.net sshd[1256087]: Disconnected from invalid user star 34.72.21.57 port 35408 [preauth]
Sep 24 13:27:54 vmi2705132.contaboserver.net sshd[1256093]: Failed password for root from 89.111.131.103 port 54076 ssh2
Sep 24 13:27:56 vmi2705132.contaboserver.net sshd[1256093]: Received disconnect from 89.111.131.103 port 54076:11: Bye Bye [preauth]
Sep 24 13:27:56 vmi2705132.contaboserver.net sshd[1256093]: Disconnected from authenticating user root 89.111.131.103 port 54076 [preauth]
Sep 24 13:28:01 vmi2705132.contaboserver.net sshd[1256095]: [0;1;31m[0;1;39m[0;1;31merror: kex_exchange_identification: Connection closed by remote host[0m
Sep 24 13:28:01 vmi2705132.contaboserver.net sshd[1256095]: Connection closed by 104.234.196.248 port 55264
Sep 24 13:28:03 vmi2705132.contaboserver.net sshd[1256096]: [0;1;39m[0;1;31m[0;1;39mpam_unix(sshd:auth): authentication failure; logname= uid=0 euid=0 tty=ssh ruser= rhost=104.234.196.248  user=root[0m
Sep 24 13:28:05 vmi2705132.contaboserver.net sshd[1256096]: Failed password for root from 104.234.196.248 port 55276 ssh2
Sep 24 13:28:07 vmi2705132.contaboserver.net sshd[1256096]: Connection closed by authenticating user root 104.234.196.248 port 55276 [preauth]
Sep 24 13:28:12 vmi2705132.contaboserver.net kernel: [0;1;38;5;185m[0;1;39m[0;1;38;5;185m[UFW BLOCK] IN=eth0 OUT= MAC=00:50:56:5b:c9:b3:c0:69:11:cd:1b:b9:08:00 SRC=66.132.153.158 DST=161.97.100.37 LEN=60 TOS=0x00 PREC=0x00 TTL=57 ID=35758 PROTO=TCP SPT=53890 DPT=2077 WINDOW=42340 RES=0x00 SYN URGP=0 [0m
Sep 24 13:28:14 vmi2705132.contaboserver.net sshd[1256098]: Invalid user flex from 74.225.152.15 port 37504
Sep 24 13:28:14 vmi2705132.contaboserver.net sshd[1256098]: [0;1;39m[0;1;31m[0;1;39mpam_unix(sshd:auth): check pass; user unknown[0m
Sep 24 13:28:14 vmi2705132.contaboserver.net sshd[1256098]: [0;1;39m[0;1;31m[0;1;39mpam_unix(sshd:auth): authentication failure; logname= uid=0 euid=0 tty=ssh ruser= rhost=74.225.152.15[0m
Sep 24 13:28:16 vmi2705132.contaboserver.net sshd[1256098]: Failed password for invalid user flex from 74.225.152.15 port 37504 ssh2
Sep 24 13:28:17 vmi2705132.contaboserver.net sshd[1256100]: Invalid user library from 27.112.79.123 port 36936
Sep 24 13:28:17 vmi2705132.contaboserver.net sshd[1256100]: [0;1;39m[0;1;31m[0;1;39mpam_unix(sshd:auth): check pass; user unknown[0m
Sep 24 13:28:17 vmi2705132.contaboserver.net sshd[1256100]: [0;1;39m[0;1;31m[0;1;39mpam_unix(sshd:auth): authentication failure; logname= uid=0 euid=0 tty=ssh ruser= rhost=27.112.79.123[0m
Sep 24 13:28:18 vmi2705132.contaboserver.net sshd[1256098]: Received disconnect from 74.225.152.15 port 37504:11: Bye Bye [preauth]
Sep 24 13:28:18 vmi2705132.contaboserver.net sshd[1256098]: Disconnected from invalid user flex 74.225.152.15 port 37504 [preauth]
Sep 24 13:28:19 vmi2705132.contaboserver.net sshd[1256100]: Failed password for invalid user library from 27.112.79.123 port 36936 ssh2
Sep 24 13:28:20 vmi2705132.contaboserver.net sshd[1256102]: Invalid user sd from 14.63.198.239 port 38150
Sep 24 13:28:20 vmi2705132.contaboserver.net sshd[1256102]: [0;1;39m[0;1;31m[0;1;39mpam_unix(sshd:auth): check pass; user unknown[0m
Sep 24 13:28:20 vmi2705132.contaboserver.net sshd[1256102]: [0;1;39m[0;1;31m[0;1;39mpam_unix(sshd:auth): authentication failure; logname= uid=0 euid=0 tty=ssh ruser= rhost=14.63.198.239[0m
Sep 24 13:28:20 vmi2705132.contaboserver.net sshd[1256100]: Received disconnect from 27.112.79.123 port 36936:11: Bye Bye [preauth]
Sep 24 13:28:20 vmi2705132.contaboserver.net sshd[1256100]: Disconnected from invalid user library 27.112.79.123 port 36936 [preauth]
Sep 24 13:28:22 vmi2705132.contaboserver.net sshd[1256102]: Failed password for invalid user sd from 14.63.198.239 port 38150 ssh2
Sep 24 13:28:23 vmi2705132.contaboserver.net sshd[1256102]: Received disconnect from 14.63.198.239 port 38150:11: Bye Bye [preauth]
Sep 24 13:28:23 vmi2705132.contaboserver.net sshd[1256102]: Disconnected from invalid user sd 14.63.198.239 port 38150 [preauth]
Sep 24 13:28:24 vmi2705132.contaboserver.net sshd[1256104]: [0;1;39m[0;1;31m[0;1;39mpam_unix(sshd:auth): authentication failure; logname= uid=0 euid=0 tty=ssh ruser= rhost=57.129.132.147  user=root[0m
Sep 24 13:28:26 vmi2705132.contaboserver.net sshd[1256106]: Invalid user elite from 105.247.69.196 port 56466
Sep 24 13:28:26 vmi2705132.contaboserver.net sshd[1256106]: [0;1;39m[0;1;31m[0;1;39mpam_unix(sshd:auth): check pass; user unknown[0m
Sep 24 13:28:26 vmi2705132.contaboserver.net sshd[1256106]: [0;1;39m[0;1;31m[0;1;39mpam_unix(sshd:auth): authentication failure; logname= uid=0 euid=0 tty=ssh ruser= rhost=105.247.69.196[0m
Sep 24 13:28:26 vmi2705132.contaboserver.net sshd[1256104]: Failed password for root from 57.129.132.147 port 59812 ssh2
Sep 24 13:28:26 vmi2705132.contaboserver.net sshd[1256104]: Received disconnect from 57.129.132.147 port 59812:11: Bye Bye [preauth]
Sep 24 13:28:26 vmi2705132.contaboserver.net sshd[1256104]: Disconnected from authenticating user root 57.129.132.147 port 59812 [preauth]
Sep 24 13:28:26 vmi2705132.contaboserver.net kernel: [0;1;38;5;185m[0;1;39m[0;1;38;5;185m[UFW BLOCK] IN=eth0 OUT= MAC=00:50:56:5b:c9:b3:c0:69:11:cd:1b:b9:08:00 SRC=78.128.114.22 DST=161.97.100.37 LEN=40 TOS=0x00 PREC=0x00 TTL=247 ID=49748 PROTO=TCP SPT=49740 DPT=19484 WINDOW=1024 RES=0x00 SYN URGP=0 [0m
Sep 24 13:28:28 vmi2705132.contaboserver.net sshd[1256106]: Failed password for invalid user elite from 105.247.69.196 port 56466 ssh2
Sep 24 13:28:28 vmi2705132.contaboserver.net sshd[1256108]: Invalid user ubuntu from 153.126.167.148 port 36148
Sep 24 13:28:28 vmi2705132.contaboserver.net sshd[1256108]: [0;1;39m[0;1;31m[0;1;39mpam_unix(sshd:auth): check pass; user unknown[0m
Sep 24 13:28:28 vmi2705132.contaboserver.net sshd[1256108]: [0;1;39m[0;1;31m[0;1;39mpam_unix(sshd:auth): authentication failure; logname= uid=0 euid=0 tty=ssh ruser= rhost=153.126.167.148[0m
Sep 24 13:28:29 vmi2705132.contaboserver.net sshd[1256106]: Received disconnect from 105.247.69.196 port 56466:11: Bye Bye [preauth]
Sep 24 13:28:29 vmi2705132.contaboserver.net sshd[1256106]: Disconnected from invalid user elite 105.247.69.196 port 56466 [preauth]
Sep 24 13:28:30 vmi2705132.contaboserver.net sshd[1256108]: Failed password for invalid user ubuntu from 153.126.167.148 port 36148 ssh2
Sep 24 13:28:31 vmi2705132.contaboserver.net sshd[1256110]: [0;1;39m[0;1;31m[0;1;39mpam_unix(sshd:auth): authentication failure; logname= uid=0 euid=0 tty=ssh ruser= rhost=43.225.159.158  user=root[0m
Sep 24 13:28:32 vmi2705132.contaboserver.net sshd[1256108]: Received disconnect from 153.126.167.148 port 36148:11: Bye Bye [preauth]
Sep 24 13:28:32 vmi2705132.contaboserver.net sshd[1256108]: Disconnected from invalid user ubuntu 153.126.167.148 port 36148 [preauth]
Sep 24 13:28:33 vmi2705132.contaboserver.net sshd[1256112]: Invalid user yuri from 45.119.80.10 port 40152
Sep 24 13:28:33 vmi2705132.contaboserver.net sshd[1256112]: [0;1;39m[0;1;31m[0;1;39mpam_unix(sshd:auth): check pass; user unknown[0m
Sep 24 13:28:33 vmi2705132.contaboserver.net sshd[1256112]: [0;1;39m[0;1;31m[0;1;39mpam_unix(sshd:auth): authentication failure; logname= uid=0 euid=0 tty=ssh ruser= rhost=45.119.80.10[0m
Sep 24 13:28:33 vmi2705132.contaboserver.net sshd[1256110]: Failed password for root from 43.225.159.158 port 58516 ssh2
Sep 24 13:28:33 vmi2705132.contaboserver.net sshd[1256110]: Received disconnect from 43.225.159.158 port 58516:11: Bye Bye [preauth]
Sep 24 13:28:33 vmi2705132.contaboserver.net sshd[1256110]: Disconnected from authenticating user root 43.225.159.158 port 58516 [preauth]
Sep 24 13:28:35 vmi2705132.contaboserver.net sshd[1256112]: Failed password for invalid user yuri from 45.119.80.10 port 40152 ssh2
Sep 24 13:28:35 vmi2705132.contaboserver.net sshd[1256112]: Received disconnect from 45.119.80.10 port 40152:11: Bye Bye [preauth]
Sep 24 13:28:35 vmi2705132.contaboserver.net sshd[1256112]: Disconnected from invalid user yuri 45.119.80.10 port 40152 [preauth]
Sep 24 13:28:38 vmi2705132.contaboserver.net sshd[1256115]: [0;1;39m[0;1;31m[0;1;39mpam_unix(sshd:auth): authentication failure; logname= uid=0 euid=0 tty=ssh ruser= rhost=103.200.25.159  user=root[0m
Sep 24 13:28:40 vmi2705132.contaboserver.net sshd[1256115]: Failed password for root from 103.200.25.159 port 59466 ssh2
Sep 24 13:28:41 vmi2705132.contaboserver.net sshd[1256117]: Invalid user git from 188.166.169.185 port 49214
Sep 24 13:28:41 vmi2705132.contaboserver.net sshd[1256117]: [0;1;39m[0;1;31m[0;1;39mpam_unix(sshd:auth): check pass; user unknown[0m
Sep 24 13:28:41 vmi2705132.contaboserver.net sshd[1256117]: [0;1;39m[0;1;31m[0;1;39mpam_unix(sshd:auth): authentication failure; logname= uid=0 euid=0 tty=ssh ruser= rhost=188.166.169.185[0m
Sep 24 13:28:42 vmi2705132.contaboserver.net sshd[1256117]: Failed password for invalid user git from 188.166.169.185 port 49214 ssh2
Sep 24 13:28:42 vmi2705132.contaboserver.net sshd[1256115]: Received disconnect from 103.200.25.159 port 59466:11: Bye Bye [preauth]
Sep 24 13:28:42 vmi2705132.contaboserver.net sshd[1256115]: Disconnected from authenticating user root 103.200.25.159 port 59466 [preauth]
Sep 24 13:28:44 vmi2705132.contaboserver.net sshd[1256117]: Received disconnect from 188.166.169.185 port 49214:11: Bye Bye [preauth]
Sep 24 13:28:44 vmi2705132.contaboserver.net sshd[1256117]: Disconnected from invalid user git 188.166.169.185 port 49214 [preauth]
Sep 24 13:28:48 vmi2705132.contaboserver.net kernel: [0;1;38;5;185m[0;1;39m[0;1;38;5;185m[UFW BLOCK] IN=eth0 OUT= MAC=00:50:56:5b:c9:b3:c0:69:11:cd:1b:b9:08:00 SRC=87.121.84.23 DST=161.97.100.37 LEN=52 TOS=0x00 PREC=0x00 TTL=246 ID=54321 PROTO=UDP SPT=42252 DPT=53 LEN=32 [0m
Sep 24 13:28:51 vmi2705132.contaboserver.net sshd[1256119]: [0;1;39m[0;1;31m[0;1;39mpam_unix(sshd:auth): authentication failure; logname= uid=0 euid=0 tty=ssh ruser= rhost=100.42.181.218  user=root[0m
Sep 24 13:28:54 vmi2705132.contaboserver.net sshd[1256119]: Failed password for root from 100.42.181.218 port 34676 ssh2
Sep 24 13:28:56 vmi2705132.contaboserver.net sshd[1256119]: Connection closed by authenticating user root 100.42.181.218 port 34676 [preauth]
Sep 24 13:28:57 vmi2705132.contaboserver.net sshd[1256121]: Invalid user epadmin from 89.111.131.103 port 50032
Sep 24 13:28:57 vmi2705132.contaboserver.net sshd[1256121]: [0;1;39m[0;1;31m[0;1;39mpam_unix(sshd:auth): check pass; user unknown[0m
Sep 24 13:28:57 vmi2705132.contaboserver.net sshd[1256121]: [0;1;39m[0;1;31m[0;1;39mpam_unix(sshd:auth): authentication failure; logname= uid=0 euid=0 tty=ssh ruser= rhost=89.111.131.103[0m
Sep 24 13:28:58 vmi2705132.contaboserver.net sshd[1256121]: Failed password for invalid user epadmin from 89.111.131.103 port 50032 ssh2
Sep 24 13:28:59 vmi2705132.contaboserver.net sshd[1256121]: Received disconnect from 89.111.131.103 port 50032:11: Bye Bye [preauth]
Sep 24 13:28:59 vmi2705132.contaboserver.net sshd[1256121]: Disconnected from invalid user epadmin 89.111.131.103 port 50032 [preauth]
Sep 24 13:29:05 vmi2705132.contaboserver.net kernel: [0;1;38;5;185m[0;1;39m[0;1;38;5;185m[UFW BLOCK] IN=eth0 OUT= MAC=00:50:56:5b:c9:b3:c0:69:11:cd:1b:b9:08:00 SRC=167.94.146.29 DST=161.97.100.37 LEN=60 TOS=0x00 PREC=0x00 TTL=57 ID=29229 PROTO=TCP SPT=23020 DPT=771 WINDOW=42340 RES=0x00 SYN URGP=0 [0m
Sep 24 13:29:16 vmi2705132.contaboserver.net sshd[1256124]: Invalid user nikhil from 57.129.132.147 port 42710
Sep 24 13:29:16 vmi2705132.contaboserver.net sshd[1256124]: [0;1;39m[0;1;31m[0;1;39mpam_unix(sshd:auth): check pass; user unknown[0m
Sep 24 13:29:16 vmi2705132.contaboserver.net sshd[1256124]: [0;1;39m[0;1;31m[0;1;39mpam_unix(sshd:auth): authentication failure; logname= uid=0 euid=0 tty=ssh ruser= rhost=57.129.132.147[0m
Sep 24 13:29:17 vmi2705132.contaboserver.net sshd[1256124]: Failed password for invalid user nikhil from 57.129.132.147 port 42710 ssh2
Sep 24 13:29:18 vmi2705132.contaboserver.net sshd[1256124]: Received disconnect from 57.129.132.147 port 42710:11: Bye Bye [preauth]
Sep 24 13:29:18 vmi2705132.contaboserver.net sshd[1256124]: Disconnected from invalid user nikhil 57.129.132.147 port 42710 [preauth]
Sep 24 13:29:22 vmi2705132.contaboserver.net kernel: [0;1;38;5;185m[0;1;39m[0;1;38;5;185m[UFW BLOCK] IN=eth0 OUT= MAC=00:50:56:5b:c9:b3:c0:69:11:cd:1b:b9:08:00 SRC=79.124.62.230 DST=161.97.100.37 LEN=44 TOS=0x00 PREC=0x00 TTL=246 ID=22598 PROTO=TCP SPT=48484 DPT=19888 WINDOW=1025 RES=0x00 SYN URGP=0 [0m
Sep 24 13:29:23 vmi2705132.contaboserver.net sshd[1256126]: Invalid user tunneluser from 27.112.79.123 port 48724
Sep 24 13:29:23 vmi2705132.contaboserver.net sshd[1256126]: [0;1;39m[0;1;31m[0;1;39mpam_unix(sshd:auth): check pass; user unknown[0m
Sep 24 13:29:23 vmi2705132.contaboserver.net sshd[1256126]: [0;1;39m[0;1;31m[0;1;39mpam_unix(sshd:auth): authentication failure; logname= uid=0 euid=0 tty=ssh ruser= rhost=27.112.79.123[0m
Sep 24 13:29:24 vmi2705132.contaboserver.net sshd[1256126]: Failed password for invalid user tunneluser from 27.112.79.123 port 48724 ssh2
Sep 24 13:29:25 vmi2705132.contaboserver.net sshd[1256126]: Received disconnect from 27.112.79.123 port 48724:11: Bye Bye [preauth]
Sep 24 13:29:25 vmi2705132.contaboserver.net sshd[1256126]: Disconnected from invalid user tunneluser 27.112.79.123 port 48724 [preauth]
Sep 24 13:29:32 vmi2705132.contaboserver.net sshd[1256130]: Invalid user Azure from 14.63.198.239 port 32954
Sep 24 13:29:32 vmi2705132.contaboserver.net sshd[1256130]: [0;1;39m[0;1;31m[0;1;39mpam_unix(sshd:auth): check pass; user unknown[0m
Sep 24 13:29:32 vmi2705132.contaboserver.net sshd[1256130]: [0;1;39m[0;1;31m[0;1;39mpam_unix(sshd:auth): authentication failure; logname= uid=0 euid=0 tty=ssh ruser= rhost=14.63.198.239[0m
Sep 24 13:29:32 vmi2705132.contaboserver.net sshd[1256133]: Invalid user steam from 74.225.152.15 port 51430
Sep 24 13:29:32 vmi2705132.contaboserver.net sshd[1256133]: [0;1;39m[0;1;31m[0;1;39mpam_unix(sshd:auth): check pass; user unknown[0m
Sep 24 13:29:32 vmi2705132.contaboserver.net sshd[1256133]: [0;1;39m[0;1;31m[0;1;39mpam_unix(sshd:auth): authentication failure; logname= uid=0 euid=0 tty=ssh ruser= rhost=74.225.152.15[0m
Sep 24 13:29:34 vmi2705132.contaboserver.net sshd[1256130]: Failed password for invalid user Azure from 14.63.198.239 port 32954 ssh2
Sep 24 13:29:34 vmi2705132.contaboserver.net sshd[1256137]: Invalid user alpha from 43.225.159.158 port 45642
Sep 24 13:29:34 vmi2705132.contaboserver.net sshd[1256137]: [0;1;39m[0;1;31m[0;1;39mpam_unix(sshd:auth): check pass; user unknown[0m
Sep 24 13:29:34 vmi2705132.contaboserver.net sshd[1256137]: [0;1;39m[0;1;31m[0;1;39mpam_unix(sshd:auth): authentication failure; logname= uid=0 euid=0 tty=ssh ruser= rhost=43.225.159.158[0m
Sep 24 13:29:34 vmi2705132.contaboserver.net sshd[1256133]: Failed password for invalid user steam from 74.225.152.15 port 51430 ssh2
Sep 24 13:29:35 vmi2705132.contaboserver.net sshd[1256130]: Received disconnect from 14.63.198.239 port 32954:11: Bye Bye [preauth]
Sep 24 13:29:35 vmi2705132.contaboserver.net sshd[1256130]: Disconnected from invalid user Azure 14.63.198.239 port 32954 [preauth]
Sep 24 13:29:36 vmi2705132.contaboserver.net sshd[1256133]: Received disconnect from 74.225.152.15 port 51430:11: Bye Bye [preauth]
Sep 24 13:29:36 vmi2705132.contaboserver.net sshd[1256133]: Disconnected from invalid user steam 74.225.152.15 port 51430 [preauth]
Sep 24 13:29:36 vmi2705132.contaboserver.net sshd[1256137]: Failed password for invalid user alpha from 43.225.159.158 port 45642 ssh2
Sep 24 13:29:36 vmi2705132.contaboserver.net sshd[1256139]: [0;1;39m[0;1;31m[0;1;39mpam_unix(sshd:auth): authentication failure; logname= uid=0 euid=0 tty=ssh ruser= rhost=188.166.169.185  user=root[0m
