Sep 24 13:29:37 vmi2705132.contaboserver.net sshd[1256137]: Received disconnect from 43.225.159.158 port 45642:11: Bye Bye [preauth]
Sep 24 13:29:37 vmi2705132.contaboserver.net sshd[1256137]: Disconnected from invalid user alpha 43.225.159.158 port 45642 [preauth]
Sep 24 13:29:38 vmi2705132.contaboserver.net sshd[1256139]: Failed password for root from 188.166.169.185 port 60910 ssh2
Sep 24 13:29:38 vmi2705132.contaboserver.net sshd[1256139]: Received disconnect from 188.166.169.185 port 60910:11: Bye Bye [preauth]
Sep 24 13:29:38 vmi2705132.contaboserver.net sshd[1256139]: Disconnected from authenticating user root 188.166.169.185 port 60910 [preauth]
Sep 24 13:29:43 vmi2705132.contaboserver.net sshd[1256141]: Invalid user soporte from 45.119.80.10 port 59308
Sep 24 13:29:43 vmi2705132.contaboserver.net sshd[1256141]: [0;1;39m[0;1;31m[0;1;39mpam_unix(sshd:auth): check pass; user unknown[0m
Sep 24 13:29:43 vmi2705132.contaboserver.net sshd[1256141]: [0;1;39m[0;1;31m[0;1;39mpam_unix(sshd:auth): authentication failure; logname= uid=0 euid=0 tty=ssh ruser= rhost=45.119.80.10[0m
Sep 24 13:29:44 vmi2705132.contaboserver.net sshd[1256141]: Failed password for invalid user soporte from 45.119.80.10 port 59308 ssh2
Sep 24 13:29:44 vmi2705132.contaboserver.net kernel: [0;1;38;5;185m[0;1;39m[0;1;38;5;185m[UFW BLOCK] IN=eth0 OUT= MAC=00:50:56:5b:c9:b3:c0:69:11:cd:1b:b9:08:00 SRC=44.251.89.19 DST=161.97.100.37 LEN=60 TOS=0x00 PREC=0x00 TTL=107 ID=45804 DF PROTO=TCP SPT=45688 DPT=10000 WINDOW=62727 RES=0x00 SYN URGP=0 [0m
Sep 24 13:29:45 vmi2705132.contaboserver.net sshd[1256141]: Received disconnect from 45.119.80.10 port 59308:11: Bye Bye [preauth]
Sep 24 13:29:45 vmi2705132.contaboserver.net sshd[1256141]: Disconnected from invalid user soporte 45.119.80.10 port 59308 [preauth]
Sep 24 13:29:52 vmi2705132.contaboserver.net sshd[1256143]: Invalid user psg from 105.247.69.196 port 56934
Sep 24 13:29:52 vmi2705132.contaboserver.net sshd[1256143]: [0;1;39m[0;1;31m[0;1;39mpam_unix(sshd:auth): check pass; user unknown[0m
Sep 24 13:29:52 vmi2705132.contaboserver.net sshd[1256143]: [0;1;39m[0;1;31m[0;1;39mpam_unix(sshd:auth): authentication failure; logname= uid=0 euid=0 tty=ssh ruser= rhost=105.247.69.196[0m
Sep 24 13:29:54 vmi2705132.contaboserver.net sshd[1256143]: Failed password for invalid user psg from 105.247.69.196 port 56934 ssh2
Sep 24 13:29:55 vmi2705132.contaboserver.net sshd[1256143]: Received disconnect from 105.247.69.196 port 56934:11: Bye Bye [preauth]
Sep 24 13:29:55 vmi2705132.contaboserver.net sshd[1256143]: Disconnected from invalid user psg 105.247.69.196 port 56934 [preauth]
Sep 24 13:29:55 vmi2705132.contaboserver.net sshd[1256145]: Invalid user soporte from 103.200.25.159 port 45382
Sep 24 13:29:55 vmi2705132.contaboserver.net sshd[1256145]: [0;1;39m[0;1;31m[0;1;39mpam_unix(sshd:auth): check pass; user unknown[0m
Sep 24 13:29:55 vmi2705132.contaboserver.net sshd[1256145]: [0;1;39m[0;1;31m[0;1;39mpam_unix(sshd:auth): authentication failure; logname= uid=0 euid=0 tty=ssh ruser= rhost=103.200.25.159[0m
Sep 24 13:29:58 vmi2705132.contaboserver.net sshd[1256145]: Failed password for invalid user soporte from 103.200.25.159 port 45382 ssh2
Sep 24 13:30:00 vmi2705132.contaboserver.net sshd[1256145]: Received disconnect from 103.200.25.159 port 45382:11: Bye Bye [preauth]
Sep 24 13:30:00 vmi2705132.contaboserver.net sshd[1256145]: Disconnected from invalid user soporte 103.200.25.159 port 45382 [preauth]
Sep 24 13:30:01 vmi2705132.contaboserver.net kernel: [0;1;38;5;185m[0;1;39m[0;1;38;5;185m[UFW BLOCK] IN=eth0 OUT= MAC=00:50:56:5b:c9:b3:c0:69:11:cd:1b:b9:08:00 SRC=44.251.89.19 DST=161.97.100.37 LEN=60 TOS=0x00 PREC=0x00 TTL=107 ID=45805 DF PROTO=TCP SPT=45688 DPT=10000 WINDOW=62727 RES=0x00 SYN URGP=0 [0m
Sep 24 13:30:01 vmi2705132.contaboserver.net sshd[1256147]: Invalid user Azure from 89.111.131.103 port 52554
Sep 24 13:30:01 vmi2705132.contaboserver.net sshd[1256147]: [0;1;39m[0;1;31m[0;1;39mpam_unix(sshd:auth): check pass; user unknown[0m
Sep 24 13:30:01 vmi2705132.contaboserver.net sshd[1256147]: [0;1;39m[0;1;31m[0;1;39mpam_unix(sshd:auth): authentication failure; logname= uid=0 euid=0 tty=ssh ruser= rhost=89.111.131.103[0m
Sep 24 13:30:03 vmi2705132.contaboserver.net sshd[1256147]: Failed password for invalid user Azure from 89.111.131.103 port 52554 ssh2
Sep 24 13:30:04 vmi2705132.contaboserver.net sshd[1256147]: Received disconnect from 89.111.131.103 port 52554:11: Bye Bye [preauth]
Sep 24 13:30:04 vmi2705132.contaboserver.net sshd[1256147]: Disconnected from invalid user Azure 89.111.131.103 port 52554 [preauth]
Sep 24 13:30:08 vmi2705132.contaboserver.net sshd[1256151]: Invalid user git from 57.129.132.147 port 44514
Sep 24 13:30:08 vmi2705132.contaboserver.net sshd[1256151]: [0;1;39m[0;1;31m[0;1;39mpam_unix(sshd:auth): check pass; user unknown[0m
Sep 24 13:30:08 vmi2705132.contaboserver.net sshd[1256151]: [0;1;39m[0;1;31m[0;1;39mpam_unix(sshd:auth): authentication failure; logname= uid=0 euid=0 tty=ssh ruser= rhost=57.129.132.147[0m
Sep 24 13:30:10 vmi2705132.contaboserver.net sshd[1256151]: Failed password for invalid user git from 57.129.132.147 port 44514 ssh2
Sep 24 13:30:11 vmi2705132.contaboserver.net sshd[1256151]: Received disconnect from 57.129.132.147 port 44514:11: Bye Bye [preauth]
Sep 24 13:30:11 vmi2705132.contaboserver.net sshd[1256151]: Disconnected from invalid user git 57.129.132.147 port 44514 [preauth]
Sep 24 13:30:11 vmi2705132.contaboserver.net sshd[1256149]: [0;1;39m[0;1;31m[0;1;39mpam_unix(sshd:auth): authentication failure; logname= uid=0 euid=0 tty=ssh ruser= rhost=34.72.21.57  user=root[0m
Sep 24 13:30:13 vmi2705132.contaboserver.net sshd[1256149]: Failed password for root from 34.72.21.57 port 35024 ssh2
Sep 24 13:30:14 vmi2705132.contaboserver.net sshd[1256149]: Received disconnect from 34.72.21.57 port 35024:11: Bye Bye [preauth]
Sep 24 13:30:14 vmi2705132.contaboserver.net sshd[1256149]: Disconnected from authenticating user root 34.72.21.57 port 35024 [preauth]
Sep 24 13:30:18 vmi2705132.contaboserver.net sshd[1256154]: [0;1;39m[0;1;31m[0;1;39mpam_unix(sshd:auth): authentication failure; logname= uid=0 euid=0 tty=ssh ruser= rhost=100.42.181.218  user=root[0m
Sep 24 13:30:20 vmi2705132.contaboserver.net sshd[1256154]: Failed password for root from 100.42.181.218 port 45320 ssh2
Sep 24 13:30:20 vmi2705132.contaboserver.net sshd[1256154]: Connection closed by authenticating user root 100.42.181.218 port 45320 [preauth]
Sep 24 13:30:21 vmi2705132.contaboserver.net kernel: [0;1;38;5;185m[0;1;39m[0;1;38;5;185m[UFW BLOCK] IN=eth0 OUT= MAC=00:50:56:5b:c9:b3:c0:69:11:cd:1b:b9:08:00 SRC=162.142.125.237 DST=161.97.100.37 LEN=60 TOS=0x00 PREC=0x00 TTL=57 ID=16653 PROTO=TCP SPT=52637 DPT=15951 WINDOW=42340 RES=0x00 SYN URGP=0 [0m
Sep 24 13:30:30 vmi2705132.contaboserver.net sshd[1256157]: Invalid user xiaoming from 27.112.79.123 port 52008
Sep 24 13:30:30 vmi2705132.contaboserver.net sshd[1256157]: [0;1;39m[0;1;31m[0;1;39mpam_unix(sshd:auth): check pass; user unknown[0m
Sep 24 13:30:30 vmi2705132.contaboserver.net sshd[1256157]: [0;1;39m[0;1;31m[0;1;39mpam_unix(sshd:auth): authentication failure; logname= uid=0 euid=0 tty=ssh ruser= rhost=27.112.79.123[0m
Sep 24 13:30:31 vmi2705132.contaboserver.net sshd[1256159]: [0;1;39m[0;1;31m[0;1;39mpam_unix(sshd:auth): authentication failure; logname= uid=0 euid=0 tty=ssh ruser= rhost=188.166.169.185  user=root[0m
Sep 24 13:30:32 vmi2705132.contaboserver.net sshd[1256157]: Failed password for invalid user xiaoming from 27.112.79.123 port 52008 ssh2
Sep 24 13:30:33 vmi2705132.contaboserver.net sshd[1256159]: Failed password for root from 188.166.169.185 port 41734 ssh2
Sep 24 13:30:34 vmi2705132.contaboserver.net sshd[1256157]: Received disconnect from 27.112.79.123 port 52008:11: Bye Bye [preauth]
Sep 24 13:30:34 vmi2705132.contaboserver.net sshd[1256157]: Disconnected from invalid user xiaoming 27.112.79.123 port 52008 [preauth]
Sep 24 13:30:35 vmi2705132.contaboserver.net sshd[1256159]: Received disconnect from 188.166.169.185 port 41734:11: Bye Bye [preauth]
Sep 24 13:30:35 vmi2705132.contaboserver.net sshd[1256159]: Disconnected from authenticating user root 188.166.169.185 port 41734 [preauth]
Sep 24 13:30:36 vmi2705132.contaboserver.net sshd[1256162]: Connection closed by 89.248.168.227 port 49616 [preauth]
Sep 24 13:30:39 vmi2705132.contaboserver.net sshd[1256164]: Invalid user bbs from 43.225.159.158 port 33128
Sep 24 13:30:39 vmi2705132.contaboserver.net sshd[1256164]: [0;1;39m[0;1;31m[0;1;39mpam_unix(sshd:auth): check pass; user unknown[0m
Sep 24 13:30:39 vmi2705132.contaboserver.net sshd[1256164]: [0;1;39m[0;1;31m[0;1;39mpam_unix(sshd:auth): authentication failure; logname= uid=0 euid=0 tty=ssh ruser= rhost=43.225.159.158[0m
Sep 24 13:30:41 vmi2705132.contaboserver.net kernel: [0;1;38;5;185m[0;1;39m[0;1;38;5;185m[UFW BLOCK] IN=eth0 OUT= MAC=00:50:56:5b:c9:b3:c0:69:11:cd:1b:b9:08:00 SRC=89.248.163.61 DST=161.97.100.37 LEN=52 TOS=0x00 PREC=0x00 TTL=54 ID=37733 PROTO=TCP SPT=58599 DPT=3114 WINDOW=65535 RES=0x00 SYN URGP=0 [0m
Sep 24 13:30:41 vmi2705132.contaboserver.net sshd[1256164]: Failed password for invalid user bbs from 43.225.159.158 port 33128 ssh2
Sep 24 13:30:43 vmi2705132.contaboserver.net sshd[1256164]: Received disconnect from 43.225.159.158 port 33128:11: Bye Bye [preauth]
Sep 24 13:30:43 vmi2705132.contaboserver.net sshd[1256164]: Disconnected from invalid user bbs 43.225.159.158 port 33128 [preauth]
Sep 24 13:30:44 vmi2705132.contaboserver.net sshd[1256168]: [0;1;31m[0;1;39m[0;1;31merror: kex_exchange_identification: Connection closed by remote host[0m
Sep 24 13:30:44 vmi2705132.contaboserver.net sshd[1256168]: Connection closed by 141.11.107.10 port 40580
Sep 24 13:30:45 vmi2705132.contaboserver.net sshd[1256169]: Invalid user ls from 141.11.107.10 port 40582
Sep 24 13:30:45 vmi2705132.contaboserver.net sshd[1256166]: Invalid user panda from 14.63.198.239 port 55980
Sep 24 13:30:45 vmi2705132.contaboserver.net sshd[1256166]: [0;1;39m[0;1;31m[0;1;39mpam_unix(sshd:auth): check pass; user unknown[0m
Sep 24 13:30:45 vmi2705132.contaboserver.net sshd[1256166]: [0;1;39m[0;1;31m[0;1;39mpam_unix(sshd:auth): authentication failure; logname= uid=0 euid=0 tty=ssh ruser= rhost=14.63.198.239[0m
Sep 24 13:30:45 vmi2705132.contaboserver.net sshd[1256169]: [0;1;39m[0;1;31m[0;1;39mpam_unix(sshd:auth): check pass; user unknown[0m
Sep 24 13:30:45 vmi2705132.contaboserver.net sshd[1256169]: [0;1;39m[0;1;31m[0;1;39mpam_unix(sshd:auth): authentication failure; logname= uid=0 euid=0 tty=ssh ruser= rhost=141.11.107.10[0m
Sep 24 13:30:47 vmi2705132.contaboserver.net sshd[1256166]: Failed password for invalid user panda from 14.63.198.239 port 55980 ssh2
Sep 24 13:30:48 vmi2705132.contaboserver.net sshd[1256169]: Failed password for invalid user ls from 141.11.107.10 port 40582 ssh2
Sep 24 13:30:48 vmi2705132.contaboserver.net sshd[1256166]: Received disconnect from 14.63.198.239 port 55980:11: Bye Bye [preauth]
Sep 24 13:30:48 vmi2705132.contaboserver.net sshd[1256166]: Disconnected from invalid user panda 14.63.198.239 port 55980 [preauth]
Sep 24 13:30:50 vmi2705132.contaboserver.net sshd[1256169]: Connection closed by invalid user ls 141.11.107.10 port 40582 [preauth]
Sep 24 13:30:51 vmi2705132.contaboserver.net sshd[1256171]: Invalid user sigit from 74.225.152.15 port 59116
Sep 24 13:30:51 vmi2705132.contaboserver.net sshd[1256171]: [0;1;39m[0;1;31m[0;1;39mpam_unix(sshd:auth): check pass; user unknown[0m
Sep 24 13:30:51 vmi2705132.contaboserver.net sshd[1256171]: [0;1;39m[0;1;31m[0;1;39mpam_unix(sshd:auth): authentication failure; logname= uid=0 euid=0 tty=ssh ruser= rhost=74.225.152.15[0m
Sep 24 13:30:52 vmi2705132.contaboserver.net sshd[1256173]: Invalid user ookla from 43.156.137.214 port 54824
Sep 24 13:30:52 vmi2705132.contaboserver.net sshd[1256173]: [0;1;39m[0;1;31m[0;1;39mpam_unix(sshd:auth): check pass; user unknown[0m
Sep 24 13:30:52 vmi2705132.contaboserver.net sshd[1256173]: [0;1;39m[0;1;31m[0;1;39mpam_unix(sshd:auth): authentication failure; logname= uid=0 euid=0 tty=ssh ruser= rhost=43.156.137.214[0m
Sep 24 13:30:53 vmi2705132.contaboserver.net sshd[1256171]: Failed password for invalid user sigit from 74.225.152.15 port 59116 ssh2
Sep 24 13:30:54 vmi2705132.contaboserver.net sshd[1256171]: Received disconnect from 74.225.152.15 port 59116:11: Bye Bye [preauth]
Sep 24 13:30:54 vmi2705132.contaboserver.net sshd[1256171]: Disconnected from invalid user sigit 74.225.152.15 port 59116 [preauth]
Sep 24 13:30:54 vmi2705132.contaboserver.net sshd[1256173]: Failed password for invalid user ookla from 43.156.137.214 port 54824 ssh2
Sep 24 13:30:55 vmi2705132.contaboserver.net sshd[1256175]: Invalid user fa from 45.119.80.10 port 33346
Sep 24 13:30:55 vmi2705132.contaboserver.net sshd[1256175]: [0;1;39m[0;1;31m[0;1;39mpam_unix(sshd:auth): check pass; user unknown[0m
Sep 24 13:30:55 vmi2705132.contaboserver.net sshd[1256175]: [0;1;39m[0;1;31m[0;1;39mpam_unix(sshd:auth): authentication failure; logname= uid=0 euid=0 tty=ssh ruser= rhost=45.119.80.10[0m
Sep 24 13:30:56 vmi2705132.contaboserver.net sshd[1256173]: Received disconnect from 43.156.137.214 port 54824:11: Bye Bye [preauth]
Sep 24 13:30:56 vmi2705132.contaboserver.net sshd[1256173]: Disconnected from invalid user ookla 43.156.137.214 port 54824 [preauth]
Sep 24 13:30:56 vmi2705132.contaboserver.net sshd[1256175]: Failed password for invalid user fa from 45.119.80.10 port 33346 ssh2
Sep 24 13:30:57 vmi2705132.contaboserver.net sshd[1256175]: Received disconnect from 45.119.80.10 port 33346:11: Bye Bye [preauth]
Sep 24 13:30:57 vmi2705132.contaboserver.net sshd[1256175]: Disconnected from invalid user fa 45.119.80.10 port 33346 [preauth]
Sep 24 13:30:58 vmi2705132.contaboserver.net sshd[1256177]: [0;1;31m[0;1;39m[0;1;31merror: kex_exchange_identification: Connection closed by remote host[0m
Sep 24 13:30:58 vmi2705132.contaboserver.net sshd[1256177]: Connection closed by 2.58.56.185 port 54212
Sep 24 13:30:58 vmi2705132.contaboserver.net sshd[1256178]: [0;1;39m[0;1;31m[0;1;39mpam_unix(sshd:auth): authentication failure; logname= uid=0 euid=0 tty=ssh ruser= rhost=2.58.56.185  user=root[0m
Sep 24 13:31:00 vmi2705132.contaboserver.net sshd[1256178]: Failed password for root from 2.58.56.185 port 54228 ssh2
Sep 24 13:31:00 vmi2705132.contaboserver.net kernel: [0;1;38;5;185m[0;1;39m[0;1;38;5;185m[UFW BLOCK] IN=eth0 OUT= MAC=00:50:56:5b:c9:b3:c0:69:11:cd:1b:b9:08:00 SRC=79.124.56.110 DST=161.97.100.37 LEN=40 TOS=0x00 PREC=0x00 TTL=247 ID=64738 PROTO=TCP SPT=49953 DPT=21425 WINDOW=1024 RES=0x00 SYN URGP=0 [0m
Sep 24 13:31:02 vmi2705132.contaboserver.net sshd[1256178]: Connection closed by authenticating user root 2.58.56.185 port 54228 [preauth]
Sep 24 13:31:06 vmi2705132.contaboserver.net sshd[1256180]: Invalid user ftpuser from 57.129.132.147 port 56880
Sep 24 13:31:06 vmi2705132.contaboserver.net sshd[1256180]: [0;1;39m[0;1;31m[0;1;39mpam_unix(sshd:auth): check pass; user unknown[0m
Sep 24 13:31:06 vmi2705132.contaboserver.net sshd[1256180]: [0;1;39m[0;1;31m[0;1;39mpam_unix(sshd:auth): authentication failure; logname= uid=0 euid=0 tty=ssh ruser= rhost=57.129.132.147[0m
Sep 24 13:31:07 vmi2705132.contaboserver.net sshd[1256182]: Invalid user john from 89.111.131.103 port 45048
Sep 24 13:31:07 vmi2705132.contaboserver.net sshd[1256182]: [0;1;39m[0;1;31m[0;1;39mpam_unix(sshd:auth): check pass; user unknown[0m
Sep 24 13:31:07 vmi2705132.contaboserver.net sshd[1256182]: [0;1;39m[0;1;31m[0;1;39mpam_unix(sshd:auth): authentication failure; logname= uid=0 euid=0 tty=ssh ruser= rhost=89.111.131.103[0m
Sep 24 13:31:08 vmi2705132.contaboserver.net sshd[1256180]: Failed password for invalid user ftpuser from 57.129.132.147 port 56880 ssh2
Sep 24 13:31:08 vmi2705132.contaboserver.net sshd[1256180]: Received disconnect from 57.129.132.147 port 56880:11: Bye Bye [preauth]
Sep 24 13:31:08 vmi2705132.contaboserver.net sshd[1256180]: Disconnected from invalid user ftpuser 57.129.132.147 port 56880 [preauth]
Sep 24 13:31:09 vmi2705132.contaboserver.net sshd[1256182]: Failed password for invalid user john from 89.111.131.103 port 45048 ssh2
Sep 24 13:31:09 vmi2705132.contaboserver.net sshd[1256182]: Received disconnect from 89.111.131.103 port 45048:11: Bye Bye [preauth]
Sep 24 13:31:09 vmi2705132.contaboserver.net sshd[1256182]: Disconnected from invalid user john 89.111.131.103 port 45048 [preauth]
Sep 24 13:31:12 vmi2705132.contaboserver.net sshd[1256184]: Invalid user flex from 103.200.25.159 port 53798
Sep 24 13:31:12 vmi2705132.contaboserver.net sshd[1256184]: [0;1;39m[0;1;31m[0;1;39mpam_unix(sshd:auth): check pass; user unknown[0m
Sep 24 13:31:12 vmi2705132.contaboserver.net sshd[1256184]: [0;1;39m[0;1;31m[0;1;39mpam_unix(sshd:auth): authentication failure; logname= uid=0 euid=0 tty=ssh ruser= rhost=103.200.25.159[0m
Sep 24 13:31:13 vmi2705132.contaboserver.net sshd[1256184]: Failed password for invalid user flex from 103.200.25.159 port 53798 ssh2
Sep 24 13:31:14 vmi2705132.contaboserver.net sshd[1256184]: Received disconnect from 103.200.25.159 port 53798:11: Bye Bye [preauth]
Sep 24 13:31:14 vmi2705132.contaboserver.net sshd[1256184]: Disconnected from invalid user flex 103.200.25.159 port 53798 [preauth]
Sep 24 13:31:24 vmi2705132.contaboserver.net sshd[1256186]: Invalid user jeff from 105.247.69.196 port 33014
Sep 24 13:31:24 vmi2705132.contaboserver.net sshd[1256186]: [0;1;39m[0;1;31m[0;1;39mpam_unix(sshd:auth): check pass; user unknown[0m
Sep 24 13:31:24 vmi2705132.contaboserver.net sshd[1256186]: [0;1;39m[0;1;31m[0;1;39mpam_unix(sshd:auth): authentication failure; logname= uid=0 euid=0 tty=ssh ruser= rhost=105.247.69.196[0m
Sep 24 13:31:26 vmi2705132.contaboserver.net sshd[1256186]: Failed password for invalid user jeff from 105.247.69.196 port 33014 ssh2
Sep 24 13:31:26 vmi2705132.contaboserver.net sshd[1256186]: Received disconnect from 105.247.69.196 port 33014:11: Bye Bye [preauth]
Sep 24 13:31:26 vmi2705132.contaboserver.net sshd[1256186]: Disconnected from invalid user jeff 105.247.69.196 port 33014 [preauth]
Sep 24 13:31:29 vmi2705132.contaboserver.net kernel: [0;1;38;5;185m[0;1;39m[0;1;38;5;185m[UFW BLOCK] IN=eth0 OUT= MAC=00:50:56:5b:c9:b3:c0:69:11:cd:1b:b9:08:00 SRC=79.124.49.130 DST=161.97.100.37 LEN=40 TOS=0x00 PREC=0x00 TTL=246 ID=63696 PROTO=TCP SPT=53753 DPT=2203 WINDOW=1024 RES=0x00 SYN URGP=0 [0m
Sep 24 13:31:32 vmi2705132.contaboserver.net sshd[1256188]: Invalid user FAKESSH from 188.166.169.185 port 37014
Sep 24 13:31:32 vmi2705132.contaboserver.net sshd[1256188]: [0;1;39m[0;1;31m[0;1;39mpam_unix(sshd:auth): check pass; user unknown[0m
Sep 24 13:31:32 vmi2705132.contaboserver.net sshd[1256188]: [0;1;39m[0;1;31m[0;1;39mpam_unix(sshd:auth): authentication failure; logname= uid=0 euid=0 tty=ssh ruser= rhost=188.166.169.185[0m
Sep 24 13:31:34 vmi2705132.contaboserver.net sshd[1256188]: Failed password for invalid user FAKESSH from 188.166.169.185 port 37014 ssh2
Sep 24 13:31:35 vmi2705132.contaboserver.net sshd[1256188]: Received disconnect from 188.166.169.185 port 37014:11: Bye Bye [preauth]
Sep 24 13:31:35 vmi2705132.contaboserver.net sshd[1256188]: Disconnected from invalid user FAKESSH 188.166.169.185 port 37014 [preauth]
Sep 24 13:31:41 vmi2705132.contaboserver.net kernel: [0;1;38;5;185m[0;1;39m[0;1;38;5;185m[UFW BLOCK] IN=eth0 OUT= MAC=00:50:56:5b:c9:b3:c0:69:11:cd:1b:b9:08:00 SRC=77.90.185.49 DST=161.97.100.37 LEN=52 TOS=0x00 PREC=0x00 TTL=53 ID=29497 PROTO=TCP SPT=36829 DPT=16114 WINDOW=65535 RES=0x00 SYN URGP=0 [0m
Sep 24 13:31:44 vmi2705132.contaboserver.net sshd[1256192]: Invalid user arkserver from 27.112.79.123 port 45628
Sep 24 13:31:44 vmi2705132.contaboserver.net sshd[1256192]: [0;1;39m[0;1;31m[0;1;39mpam_unix(sshd:auth): check pass; user unknown[0m
Sep 24 13:31:44 vmi2705132.contaboserver.net sshd[1256192]: [0;1;39m[0;1;31m[0;1;39mpam_unix(sshd:auth): authentication failure; logname= uid=0 euid=0 tty=ssh ruser= rhost=27.112.79.123[0m
Sep 24 13:31:46 vmi2705132.contaboserver.net sshd[1256192]: Failed password for invalid user arkserver from 27.112.79.123 port 45628 ssh2
Sep 24 13:31:46 vmi2705132.contaboserver.net sudo[1256194]: [0;1;39m[0;1;31m[0;1;39m    root : TTY=pts/0 ; PWD=/var/www/petalandpromise/chakshu ; USER=root ; COMMAND=/usr/bin/nano src/app/layout.tsx[0m
Sep 24 13:31:46 vmi2705132.contaboserver.net sudo[1256194]: pam_unix(sudo:session): session opened for user root(uid=0) by root(uid=0)
Sep 24 13:31:48 vmi2705132.contaboserver.net sshd[1256192]: Received disconnect from 27.112.79.123 port 45628:11: Bye Bye [preauth]
Sep 24 13:31:48 vmi2705132.contaboserver.net sshd[1256192]: Disconnected from invalid user arkserver 27.112.79.123 port 45628 [preauth]
Sep 24 13:31:48 vmi2705132.contaboserver.net sshd[1256197]: Invalid user chrome from 43.225.159.158 port 49038
Sep 24 13:31:48 vmi2705132.contaboserver.net sshd[1256197]: [0;1;39m[0;1;31m[0;1;39mpam_unix(sshd:auth): check pass; user unknown[0m
Sep 24 13:31:48 vmi2705132.contaboserver.net sshd[1256197]: [0;1;39m[0;1;31m[0;1;39mpam_unix(sshd:auth): authentication failure; logname= uid=0 euid=0 tty=ssh ruser= rhost=43.225.159.158[0m
Sep 24 13:31:50 vmi2705132.contaboserver.net sshd[1256197]: Failed password for invalid user chrome from 43.225.159.158 port 49038 ssh2
Sep 24 13:31:51 vmi2705132.contaboserver.net sshd[1256199]: [0;1;31m[0;1;39m[0;1;31merror: kex_exchange_identification: Connection closed by remote host[0m
Sep 24 13:31:51 vmi2705132.contaboserver.net sshd[1256199]: Connection closed by 104.234.196.248 port 49702
Sep 24 13:31:52 vmi2705132.contaboserver.net sshd[1256202]: [0;1;39m[0;1;31m[0;1;39mpam_unix(sshd:auth): authentication failure; logname= uid=0 euid=0 tty=ssh ruser= rhost=100.42.181.218  user=root[0m
Sep 24 13:31:52 vmi2705132.contaboserver.net sshd[1256200]: Invalid user tianhao from 104.234.196.248 port 49712
Sep 24 13:31:52 vmi2705132.contaboserver.net sshd[1256197]: Received disconnect from 43.225.159.158 port 49038:11: Bye Bye [preauth]
Sep 24 13:31:52 vmi2705132.contaboserver.net sshd[1256197]: Disconnected from invalid user chrome 43.225.159.158 port 49038 [preauth]
Sep 24 13:31:52 vmi2705132.contaboserver.net sshd[1256200]: [0;1;39m[0;1;31m[0;1;39mpam_unix(sshd:auth): check pass; user unknown[0m
Sep 24 13:31:52 vmi2705132.contaboserver.net sshd[1256200]: [0;1;39m[0;1;31m[0;1;39mpam_unix(sshd:auth): authentication failure; logname= uid=0 euid=0 tty=ssh ruser= rhost=104.234.196.248[0m
Sep 24 13:31:54 vmi2705132.contaboserver.net sshd[1256202]: Failed password for root from 100.42.181.218 port 52220 ssh2
Sep 24 13:31:54 vmi2705132.contaboserver.net sshd[1256200]: Failed password for invalid user tianhao from 104.234.196.248 port 49712 ssh2
Sep 24 13:31:56 vmi2705132.contaboserver.net sshd[1256202]: Connection closed by authenticating user root 100.42.181.218 port 52220 [preauth]
Sep 24 13:31:56 vmi2705132.contaboserver.net sshd[1256204]: Invalid user fa from 14.63.198.239 port 50778
Sep 24 13:31:56 vmi2705132.contaboserver.net sshd[1256204]: [0;1;39m[0;1;31m[0;1;39mpam_unix(sshd:auth): check pass; user unknown[0m
Sep 24 13:31:56 vmi2705132.contaboserver.net sshd[1256204]: [0;1;39m[0;1;31m[0;1;39mpam_unix(sshd:auth): authentication failure; logname= uid=0 euid=0 tty=ssh ruser= rhost=14.63.198.239[0m
Sep 24 13:31:57 vmi2705132.contaboserver.net sshd[1256200]: Connection closed by invalid user tianhao 104.234.196.248 port 49712 [preauth]
Sep 24 13:31:59 vmi2705132.contaboserver.net sshd[1256204]: Failed password for invalid user fa from 14.63.198.239 port 50778 ssh2
Sep 24 13:31:59 vmi2705132.contaboserver.net sshd[1256204]: Received disconnect from 14.63.198.239 port 50778:11: Bye Bye [preauth]
Sep 24 13:31:59 vmi2705132.contaboserver.net sshd[1256204]: Disconnected from invalid user fa 14.63.198.239 port 50778 [preauth]
Sep 24 13:32:02 vmi2705132.contaboserver.net sshd[1256206]: [0;1;39m[0;1;31m[0;1;39mpam_unix(sshd:auth): authentication failure; logname= uid=0 euid=0 tty=ssh ruser= rhost=57.129.132.147  user=root[0m
Sep 24 13:32:04 vmi2705132.contaboserver.net sshd[1256206]: Failed password for root from 57.129.132.147 port 56868 ssh2
Sep 24 13:32:05 vmi2705132.contaboserver.net kernel: [0;1;38;5;185m[0;1;39m[0;1;38;5;185m[UFW BLOCK] IN=eth0 OUT= MAC=00:50:56:5b:c9:b3:c0:69:11:cd:1b:b9:08:00 SRC=167.94.145.83 DST=161.97.100.37 LEN=60 TOS=0x00 PREC=0x00 TTL=57 ID=20339 PROTO=TCP SPT=38868 DPT=22803 WINDOW=42340 RES=0x00 SYN URGP=0 [0m
Sep 24 13:32:06 vmi2705132.contaboserver.net sshd[1256206]: Received disconnect from 57.129.132.147 port 56868:11: Bye Bye [preauth]
Sep 24 13:32:06 vmi2705132.contaboserver.net sshd[1256206]: Disconnected from authenticating user root 57.129.132.147 port 56868 [preauth]
Sep 24 13:32:08 vmi2705132.contaboserver.net sshd[1256208]: Invalid user webmin from 45.119.80.10 port 39334
Sep 24 13:32:08 vmi2705132.contaboserver.net sshd[1256208]: [0;1;39m[0;1;31m[0;1;39mpam_unix(sshd:auth): check pass; user unknown[0m
Sep 24 13:32:08 vmi2705132.contaboserver.net sshd[1256208]: [0;1;39m[0;1;31m[0;1;39mpam_unix(sshd:auth): authentication failure; logname= uid=0 euid=0 tty=ssh ruser= rhost=45.119.80.10[0m
Sep 24 13:32:10 vmi2705132.contaboserver.net sshd[1256208]: Failed password for invalid user webmin from 45.119.80.10 port 39334 ssh2
Sep 24 13:32:11 vmi2705132.contaboserver.net sshd[1256208]: Received disconnect from 45.119.80.10 port 39334:11: Bye Bye [preauth]
Sep 24 13:32:11 vmi2705132.contaboserver.net sshd[1256208]: Disconnected from invalid user webmin 45.119.80.10 port 39334 [preauth]
Sep 24 13:32:13 vmi2705132.contaboserver.net sshd[1256213]: Invalid user user2 from 89.111.131.103 port 51192
Sep 24 13:32:13 vmi2705132.contaboserver.net sshd[1256213]: [0;1;39m[0;1;31m[0;1;39mpam_unix(sshd:auth): check pass; user unknown[0m
Sep 24 13:32:13 vmi2705132.contaboserver.net sshd[1256213]: [0;1;39m[0;1;31m[0;1;39mpam_unix(sshd:auth): authentication failure; logname= uid=0 euid=0 tty=ssh ruser= rhost=89.111.131.103[0m
Sep 24 13:32:13 vmi2705132.contaboserver.net sshd[1256211]: [0;1;39m[0;1;31m[0;1;39mpam_unix(sshd:auth): authentication failure; logname= uid=0 euid=0 tty=ssh ruser= rhost=74.225.152.15  user=root[0m
Sep 24 13:32:15 vmi2705132.contaboserver.net sshd[1256213]: Failed password for invalid user user2 from 89.111.131.103 port 51192 ssh2
Sep 24 13:32:15 vmi2705132.contaboserver.net sshd[1256211]: Failed password for root from 74.225.152.15 port 60022 ssh2
Sep 24 13:32:15 vmi2705132.contaboserver.net sshd[1256211]: Received disconnect from 74.225.152.15 port 60022:11: Bye Bye [preauth]
Sep 24 13:32:15 vmi2705132.contaboserver.net sshd[1256211]: Disconnected from authenticating user root 74.225.152.15 port 60022 [preauth]
Sep 24 13:32:16 vmi2705132.contaboserver.net sshd[1256213]: Received disconnect from 89.111.131.103 port 51192:11: Bye Bye [preauth]
Sep 24 13:32:16 vmi2705132.contaboserver.net sshd[1256213]: Disconnected from invalid user user2 89.111.131.103 port 51192 [preauth]
Sep 24 13:32:16 vmi2705132.contaboserver.net sshd[1256215]: [0;1;31m[0;1;39m[0;1;31merror: kex_exchange_identification: Connection closed by remote host[0m
Sep 24 13:32:16 vmi2705132.contaboserver.net sshd[1256215]: Connection closed by 46.101.222.112 port 50038
Sep 24 13:32:17 vmi2705132.contaboserver.net sshd[1256216]: Invalid user liyan from 46.101.222.112 port 50042
Sep 24 13:32:17 vmi2705132.contaboserver.net sshd[1256216]: [0;1;39m[0;1;31m[0;1;39mpam_unix(sshd:auth): check pass; user unknown[0m
Sep 24 13:32:17 vmi2705132.contaboserver.net sshd[1256216]: [0;1;39m[0;1;31m[0;1;39mpam_unix(sshd:auth): authentication failure; logname= uid=0 euid=0 tty=ssh ruser= rhost=46.101.222.112[0m
Sep 24 13:32:20 vmi2705132.contaboserver.net sshd[1256216]: Failed password for invalid user liyan from 46.101.222.112 port 50042 ssh2
Sep 24 13:32:20 vmi2705132.contaboserver.net sshd[1256216]: Connection closed by invalid user liyan 46.101.222.112 port 50042 [preauth]
Sep 24 13:32:28 vmi2705132.contaboserver.net kernel: [0;1;38;5;185m[0;1;39m[0;1;38;5;185m[UFW BLOCK] IN=eth0 OUT= MAC=00:50:56:5b:c9:b3:c0:69:11:cd:1b:b9:08:00 SRC=20.168.0.46 DST=161.97.100.37 LEN=40 TOS=0x00 PREC=0x00 TTL=241 ID=54321 PROTO=TCP SPT=44858 DPT=18245 WINDOW=65535 RES=0x00 SYN URGP=0 [0m
Sep 24 13:32:30 vmi2705132.contaboserver.net sshd[1256225]: Invalid user panda from 103.200.25.159 port 49692
Sep 24 13:32:30 vmi2705132.contaboserver.net sshd[1256225]: [0;1;39m[0;1;31m[0;1;39mpam_unix(sshd:auth): check pass; user unknown[0m
Sep 24 13:32:30 vmi2705132.contaboserver.net sshd[1256225]: [0;1;39m[0;1;31m[0;1;39mpam_unix(sshd:auth): authentication failure; logname= uid=0 euid=0 tty=ssh ruser= rhost=103.200.25.159[0m
Sep 24 13:32:32 vmi2705132.contaboserver.net sshd[1256225]: Failed password for invalid user panda from 103.200.25.159 port 49692 ssh2
Sep 24 13:32:33 vmi2705132.contaboserver.net sshd[1256225]: Received disconnect from 103.200.25.159 port 49692:11: Bye Bye [preauth]
Sep 24 13:32:33 vmi2705132.contaboserver.net sshd[1256225]: Disconnected from invalid user panda 103.200.25.159 port 49692 [preauth]
Sep 24 13:32:34 vmi2705132.contaboserver.net sshd[1256227]: [0;1;39m[0;1;31m[0;1;39mpam_unix(sshd:auth): authentication failure; logname= uid=0 euid=0 tty=ssh ruser= rhost=188.166.169.185  user=root[0m
Sep 24 13:32:37 vmi2705132.contaboserver.net sshd[1256227]: Failed password for root from 188.166.169.185 port 41928 ssh2
Sep 24 13:32:37 vmi2705132.contaboserver.net sshd[1256229]: Invalid user sammy from 34.72.21.57 port 44510
Sep 24 13:32:37 vmi2705132.contaboserver.net sshd[1256229]: [0;1;39m[0;1;31m[0;1;39mpam_unix(sshd:auth): check pass; user unknown[0m
Sep 24 13:32:37 vmi2705132.contaboserver.net sshd[1256229]: [0;1;39m[0;1;31m[0;1;39mpam_unix(sshd:auth): authentication failure; logname= uid=0 euid=0 tty=ssh ruser= rhost=34.72.21.57[0m
Sep 24 13:32:38 vmi2705132.contaboserver.net sshd[1256227]: Received disconnect from 188.166.169.185 port 41928:11: Bye Bye [preauth]
Sep 24 13:32:38 vmi2705132.contaboserver.net sshd[1256227]: Disconnected from authenticating user root 188.166.169.185 port 41928 [preauth]
Sep 24 13:32:39 vmi2705132.contaboserver.net sshd[1256229]: Failed password for invalid user sammy from 34.72.21.57 port 44510 ssh2
Sep 24 13:32:40 vmi2705132.contaboserver.net sshd[1256229]: Received disconnect from 34.72.21.57 port 44510:11: Bye Bye [preauth]
Sep 24 13:32:40 vmi2705132.contaboserver.net sshd[1256229]: Disconnected from invalid user sammy 34.72.21.57 port 44510 [preauth]
Sep 24 13:32:41 vmi2705132.contaboserver.net kernel: [0;1;38;5;185m[0;1;39m[0;1;38;5;185m[UFW BLOCK] IN=eth0 OUT= MAC=00:50:56:5b:c9:b3:c0:69:11:cd:1b:b9:08:00 SRC=62.210.91.123 DST=161.97.100.37 LEN=44 TOS=0x00 PREC=0x00 TTL=246 ID=21992 PROTO=TCP SPT=47269 DPT=22000 WINDOW=1024 RES=0x00 SYN URGP=0 [0m
Sep 24 13:32:43 vmi2705132.contaboserver.net sshd[1256231]: Invalid user admin from 43.156.137.214 port 49902
Sep 24 13:32:43 vmi2705132.contaboserver.net sshd[1256231]: [0;1;39m[0;1;31m[0;1;39mpam_unix(sshd:auth): check pass; user unknown[0m
Sep 24 13:32:43 vmi2705132.contaboserver.net sshd[1256231]: [0;1;39m[0;1;31m[0;1;39mpam_unix(sshd:auth): authentication failure; logname= uid=0 euid=0 tty=ssh ruser= rhost=43.156.137.214[0m
Sep 24 13:32:45 vmi2705132.contaboserver.net sshd[1256231]: Failed password for invalid user admin from 43.156.137.214 port 49902 ssh2
Sep 24 13:32:45 vmi2705132.contaboserver.net sshd[1256231]: Received disconnect from 43.156.137.214 port 49902:11: Bye Bye [preauth]
Sep 24 13:32:45 vmi2705132.contaboserver.net sshd[1256231]: Disconnected from invalid user admin 43.156.137.214 port 49902 [preauth]
Sep 24 13:32:51 vmi2705132.contaboserver.net sshd[1256233]: Invalid user marko from 105.247.69.196 port 60690
Sep 24 13:32:51 vmi2705132.contaboserver.net sshd[1256233]: [0;1;39m[0;1;31m[0;1;39mpam_unix(sshd:auth): check pass; user unknown[0m
Sep 24 13:32:51 vmi2705132.contaboserver.net sshd[1256233]: [0;1;39m[0;1;31m[0;1;39mpam_unix(sshd:auth): authentication failure; logname= uid=0 euid=0 tty=ssh ruser= rhost=105.247.69.196[0m
Sep 24 13:32:52 vmi2705132.contaboserver.net sshd[1256233]: Failed password for invalid user marko from 105.247.69.196 port 60690 ssh2
Sep 24 13:32:53 vmi2705132.contaboserver.net sshd[1256233]: Received disconnect from 105.247.69.196 port 60690:11: Bye Bye [preauth]
Sep 24 13:32:53 vmi2705132.contaboserver.net sshd[1256233]: Disconnected from invalid user marko 105.247.69.196 port 60690 [preauth]
Sep 24 13:32:58 vmi2705132.contaboserver.net sshd[1256236]: Invalid user service from 217.160.7.83 port 47918
Sep 24 13:32:58 vmi2705132.contaboserver.net sshd[1256236]: [0;1;39m[0;1;31m[0;1;39mpam_unix(sshd:auth): check pass; user unknown[0m
Sep 24 13:32:58 vmi2705132.contaboserver.net sshd[1256236]: [0;1;39m[0;1;31m[0;1;39mpam_unix(sshd:auth): authentication failure; logname= uid=0 euid=0 tty=ssh ruser= rhost=217.160.7.83[0m
Sep 24 13:33:00 vmi2705132.contaboserver.net sshd[1256236]: Failed password for invalid user service from 217.160.7.83 port 47918 ssh2
Sep 24 13:33:00 vmi2705132.contaboserver.net sshd[1256238]: Invalid user hai from 43.225.159.158 port 37232
Sep 24 13:33:00 vmi2705132.contaboserver.net sshd[1256238]: [0;1;39m[0;1;31m[0;1;39mpam_unix(sshd:auth): check pass; user unknown[0m
Sep 24 13:33:00 vmi2705132.contaboserver.net sshd[1256238]: [0;1;39m[0;1;31m[0;1;39mpam_unix(sshd:auth): authentication failure; logname= uid=0 euid=0 tty=ssh ruser= rhost=43.225.159.158[0m
Sep 24 13:33:01 vmi2705132.contaboserver.net sshd[1256236]: Received disconnect from 217.160.7.83 port 47918:11: Bye Bye [preauth]
Sep 24 13:33:01 vmi2705132.contaboserver.net sshd[1256236]: Disconnected from invalid user service 217.160.7.83 port 47918 [preauth]
Sep 24 13:33:02 vmi2705132.contaboserver.net sshd[1256238]: Failed password for invalid user hai from 43.225.159.158 port 37232 ssh2
Sep 24 13:33:03 vmi2705132.contaboserver.net sshd[1256240]: Invalid user asif from 57.129.132.147 port 40514
Sep 24 13:33:03 vmi2705132.contaboserver.net sshd[1256240]: [0;1;39m[0;1;31m[0;1;39mpam_unix(sshd:auth): check pass; user unknown[0m
Sep 24 13:33:03 vmi2705132.contaboserver.net sshd[1256240]: [0;1;39m[0;1;31m[0;1;39mpam_unix(sshd:auth): authentication failure; logname= uid=0 euid=0 tty=ssh ruser= rhost=57.129.132.147[0m
Sep 24 13:33:03 vmi2705132.contaboserver.net sshd[1256238]: Received disconnect from 43.225.159.158 port 37232:11: Bye Bye [preauth]
Sep 24 13:33:03 vmi2705132.contaboserver.net sshd[1256238]: Disconnected from invalid user hai 43.225.159.158 port 37232 [preauth]
Sep 24 13:33:04 vmi2705132.contaboserver.net kernel: [0;1;38;5;185m[0;1;39m[0;1;38;5;185m[UFW BLOCK] IN=eth0 OUT= MAC=00:50:56:5b:c9:b3:c0:69:11:cd:1b:b9:08:00 SRC=79.124.56.6 DST=161.97.100.37 LEN=40 TOS=0x00 PREC=0x00 TTL=247 ID=58764 PROTO=TCP SPT=41555 DPT=55697 WINDOW=1024 RES=0x00 SYN URGP=0 [0m
Sep 24 13:33:05 vmi2705132.contaboserver.net sshd[1256240]: Failed password for invalid user asif from 57.129.132.147 port 40514 ssh2
Sep 24 13:33:05 vmi2705132.contaboserver.net sshd[1256240]: Received disconnect from 57.129.132.147 port 40514:11: Bye Bye [preauth]
Sep 24 13:33:05 vmi2705132.contaboserver.net sshd[1256240]: Disconnected from invalid user asif 57.129.132.147 port 40514 [preauth]
Sep 24 13:33:09 vmi2705132.contaboserver.net sshd[1256242]: Invalid user jeff from 27.112.79.123 port 53218
Sep 24 13:33:09 vmi2705132.contaboserver.net sshd[1256242]: [0;1;39m[0;1;31m[0;1;39mpam_unix(sshd:auth): check pass; user unknown[0m
Sep 24 13:33:09 vmi2705132.contaboserver.net sshd[1256242]: [0;1;39m[0;1;31m[0;1;39mpam_unix(sshd:auth): authentication failure; logname= uid=0 euid=0 tty=ssh ruser= rhost=27.112.79.123[0m
Sep 24 13:33:11 vmi2705132.contaboserver.net sshd[1256242]: Failed password for invalid user jeff from 27.112.79.123 port 53218 ssh2
Sep 24 13:33:12 vmi2705132.contaboserver.net sshd[1256245]: Invalid user rsync from 14.63.198.239 port 45560
Sep 24 13:33:12 vmi2705132.contaboserver.net sshd[1256245]: [0;1;39m[0;1;31m[0;1;39mpam_unix(sshd:auth): check pass; user unknown[0m
Sep 24 13:33:12 vmi2705132.contaboserver.net sshd[1256245]: [0;1;39m[0;1;31m[0;1;39mpam_unix(sshd:auth): authentication failure; logname= uid=0 euid=0 tty=ssh ruser= rhost=14.63.198.239[0m
Sep 24 13:33:13 vmi2705132.contaboserver.net sshd[1256242]: Received disconnect from 27.112.79.123 port 53218:11: Bye Bye [preauth]
Sep 24 13:33:13 vmi2705132.contaboserver.net sshd[1256242]: Disconnected from invalid user jeff 27.112.79.123 port 53218 [preauth]
Sep 24 13:33:14 vmi2705132.contaboserver.net sshd[1256245]: Failed password for invalid user rsync from 14.63.198.239 port 45560 ssh2
Sep 24 13:33:15 vmi2705132.contaboserver.net sshd[1256245]: Received disconnect from 14.63.198.239 port 45560:11: Bye Bye [preauth]
Sep 24 13:33:15 vmi2705132.contaboserver.net sshd[1256245]: Disconnected from invalid user rsync 14.63.198.239 port 45560 [preauth]
Sep 24 13:33:19 vmi2705132.contaboserver.net sshd[1256251]: [0;1;39m[0;1;31m[0;1;39mpam_unix(sshd:auth): authentication failure; logname= uid=0 euid=0 tty=ssh ruser= rhost=89.111.131.103  user=root[0m
Sep 24 13:33:19 vmi2705132.contaboserver.net sshd[1256249]: Invalid user sol from 45.119.80.10 port 46660
Sep 24 13:33:19 vmi2705132.contaboserver.net sshd[1256249]: [0;1;39m[0;1;31m[0;1;39mpam_unix(sshd:auth): check pass; user unknown[0m
Sep 24 13:33:19 vmi2705132.contaboserver.net sshd[1256249]: [0;1;39m[0;1;31m[0;1;39mpam_unix(sshd:auth): authentication failure; logname= uid=0 euid=0 tty=ssh ruser= rhost=45.119.80.10[0m
Sep 24 13:33:21 vmi2705132.contaboserver.net sshd[1256251]: Failed password for root from 89.111.131.103 port 46730 ssh2
Sep 24 13:33:21 vmi2705132.contaboserver.net sshd[1256251]: Received disconnect from 89.111.131.103 port 46730:11: Bye Bye [preauth]
Sep 24 13:33:21 vmi2705132.contaboserver.net sshd[1256251]: Disconnected from authenticating user root 89.111.131.103 port 46730 [preauth]
Sep 24 13:33:21 vmi2705132.contaboserver.net sshd[1256249]: Failed password for invalid user sol from 45.119.80.10 port 46660 ssh2
Sep 24 13:33:22 vmi2705132.contaboserver.net sshd[1256249]: Received disconnect from 45.119.80.10 port 46660:11: Bye Bye [preauth]
Sep 24 13:33:22 vmi2705132.contaboserver.net sshd[1256249]: Disconnected from invalid user sol 45.119.80.10 port 46660 [preauth]
Sep 24 13:33:22 vmi2705132.contaboserver.net kernel: [0;1;38;5;185m[0;1;39m[0;1;38;5;185m[UFW BLOCK] IN=eth0 OUT= MAC=00:50:56:5b:c9:b3:c0:69:11:cd:1b:b9:08:00 SRC=89.248.163.48 DST=161.97.100.37 LEN=52 TOS=0x00 PREC=0x00 TTL=54 ID=61241 PROTO=TCP SPT=38382 DPT=5552 WINDOW=65535 RES=0x00 SYN URGP=0 [0m
Sep 24 13:33:33 vmi2705132.contaboserver.net sshd[1256255]: Invalid user updates from 188.166.169.185 port 40984
Sep 24 13:33:33 vmi2705132.contaboserver.net sshd[1256255]: [0;1;39m[0;1;31m[0;1;39mpam_unix(sshd:auth): check pass; user unknown[0m
Sep 24 13:33:33 vmi2705132.contaboserver.net sshd[1256255]: [0;1;39m[0;1;31m[0;1;39mpam_unix(sshd:auth): authentication failure; logname= uid=0 euid=0 tty=ssh ruser= rhost=188.166.169.185[0m
Sep 24 13:33:33 vmi2705132.contaboserver.net sshd[1256257]: [0;1;39m[0;1;31m[0;1;39mpam_unix(sshd:auth): authentication failure; logname= uid=0 euid=0 tty=ssh ruser= rhost=100.42.181.218  user=root[0m
Sep 24 13:33:35 vmi2705132.contaboserver.net sshd[1256255]: Failed password for invalid user updates from 188.166.169.185 port 40984 ssh2
Sep 24 13:33:35 vmi2705132.contaboserver.net sshd[1256257]: Failed password for root from 100.42.181.218 port 47424 ssh2
Sep 24 13:33:37 vmi2705132.contaboserver.net sshd[1256255]: Received disconnect from 188.166.169.185 port 40984:11: Bye Bye [preauth]
Sep 24 13:33:37 vmi2705132.contaboserver.net sshd[1256255]: Disconnected from invalid user updates 188.166.169.185 port 40984 [preauth]
Sep 24 13:33:37 vmi2705132.contaboserver.net sshd[1256257]: Connection closed by authenticating user root 100.42.181.218 port 47424 [preauth]
Sep 24 13:33:37 vmi2705132.contaboserver.net sshd[1256259]: [0;1;39m[0;1;31m[0;1;39mpam_unix(sshd:auth): authentication failure; logname= uid=0 euid=0 tty=ssh ruser= rhost=74.225.152.15  user=root[0m
Sep 24 13:33:39 vmi2705132.contaboserver.net sshd[1256259]: Failed password for root from 74.225.152.15 port 55356 ssh2
Sep 24 13:33:39 vmi2705132.contaboserver.net sshd[1256259]: Received disconnect from 74.225.152.15 port 55356:11: Bye Bye [preauth]
Sep 24 13:33:39 vmi2705132.contaboserver.net sshd[1256259]: Disconnected from authenticating user root 74.225.152.15 port 55356 [preauth]
Sep 24 13:33:51 vmi2705132.contaboserver.net sshd[1256261]: Invalid user cardano from 103.200.25.159 port 53066
Sep 24 13:33:51 vmi2705132.contaboserver.net sshd[1256261]: [0;1;39m[0;1;31m[0;1;39mpam_unix(sshd:auth): check pass; user unknown[0m
Sep 24 13:33:51 vmi2705132.contaboserver.net sshd[1256261]: [0;1;39m[0;1;31m[0;1;39mpam_unix(sshd:auth): authentication failure; logname= uid=0 euid=0 tty=ssh ruser= rhost=103.200.25.159[0m
Sep 24 13:33:52 vmi2705132.contaboserver.net sshd[1256263]: Invalid user xue from 153.126.167.148 port 36778
Sep 24 13:33:52 vmi2705132.contaboserver.net sshd[1256263]: [0;1;39m[0;1;31m[0;1;39mpam_unix(sshd:auth): check pass; user unknown[0m
Sep 24 13:33:52 vmi2705132.contaboserver.net sshd[1256263]: [0;1;39m[0;1;31m[0;1;39mpam_unix(sshd:auth): authentication failure; logname= uid=0 euid=0 tty=ssh ruser= rhost=153.126.167.148[0m
Sep 24 13:33:53 vmi2705132.contaboserver.net sshd[1256261]: Failed password for invalid user cardano from 103.200.25.159 port 53066 ssh2
Sep 24 13:33:54 vmi2705132.contaboserver.net kernel: [0;1;38;5;185m[0;1;39m[0;1;38;5;185m[UFW BLOCK] IN=eth0 OUT= MAC=00:50:56:5b:c9:b3:c0:69:11:cd:1b:b9:08:00 SRC=92.63.197.210 DST=161.97.100.37 LEN=40 TOS=0x00 PREC=0x00 TTL=245 ID=13520 PROTO=TCP SPT=47303 DPT=22309 WINDOW=1024 RES=0x00 SYN URGP=0 [0m
Sep 24 13:33:54 vmi2705132.contaboserver.net sshd[1256263]: Failed password for invalid user xue from 153.126.167.148 port 36778 ssh2
Sep 24 13:33:55 vmi2705132.contaboserver.net sshd[1256261]: Received disconnect from 103.200.25.159 port 53066:11: Bye Bye [preauth]
Sep 24 13:33:55 vmi2705132.contaboserver.net sshd[1256261]: Disconnected from invalid user cardano 103.200.25.159 port 53066 [preauth]
Sep 24 13:33:57 vmi2705132.contaboserver.net sshd[1256263]: Received disconnect from 153.126.167.148 port 36778:11: Bye Bye [preauth]
Sep 24 13:33:57 vmi2705132.contaboserver.net sshd[1256263]: Disconnected from invalid user xue 153.126.167.148 port 36778 [preauth]
Sep 24 13:34:02 vmi2705132.contaboserver.net sshd[1256265]: Invalid user mehrdad from 57.129.132.147 port 50008
Sep 24 13:34:02 vmi2705132.contaboserver.net sshd[1256265]: [0;1;39m[0;1;31m[0;1;39mpam_unix(sshd:auth): check pass; user unknown[0m
Sep 24 13:34:02 vmi2705132.contaboserver.net sshd[1256265]: [0;1;39m[0;1;31m[0;1;39mpam_unix(sshd:auth): authentication failure; logname= uid=0 euid=0 tty=ssh ruser= rhost=57.129.132.147[0m
Sep 24 13:34:03 vmi2705132.contaboserver.net sshd[1256265]: Failed password for invalid user mehrdad from 57.129.132.147 port 50008 ssh2
Sep 24 13:34:04 vmi2705132.contaboserver.net sshd[1256265]: Received disconnect from 57.129.132.147 port 50008:11: Bye Bye [preauth]
Sep 24 13:34:04 vmi2705132.contaboserver.net sshd[1256265]: Disconnected from invalid user mehrdad 57.129.132.147 port 50008 [preauth]
Sep 24 13:34:08 vmi2705132.contaboserver.net kernel: [0;1;38;5;185m[0;1;39m[0;1;38;5;185m[UFW BLOCK] IN=eth0 OUT= MAC=00:50:56:5b:c9:b3:c0:69:11:cd:1b:b9:08:00 SRC=79.124.56.6 DST=161.97.100.37 LEN=40 TOS=0x00 PREC=0x00 TTL=247 ID=23020 PROTO=TCP SPT=41555 DPT=53829 WINDOW=1024 RES=0x00 SYN URGP=0 [0m
Sep 24 13:34:11 vmi2705132.contaboserver.net sshd[1256267]: [0;1;39m[0;1;31m[0;1;39mpam_unix(sshd:auth): authentication failure; logname= uid=0 euid=0 tty=ssh ruser= rhost=122.114.12.133  user=root[0m
Sep 24 13:34:13 vmi2705132.contaboserver.net sshd[1256267]: Failed password for root from 122.114.12.133 port 35034 ssh2
Sep 24 13:34:13 vmi2705132.contaboserver.net sshd[1256267]: Received disconnect from 122.114.12.133 port 35034:11: Bye Bye [preauth]
Sep 24 13:34:13 vmi2705132.contaboserver.net sshd[1256267]: Disconnected from authenticating user root 122.114.12.133 port 35034 [preauth]
Sep 24 13:34:14 vmi2705132.contaboserver.net sshd[1256271]: Invalid user user from 80.94.95.112 port 63142
Sep 24 13:34:14 vmi2705132.contaboserver.net sshd[1256271]: [0;1;39m[0;1;31m[0;1;39mpam_unix(sshd:auth): check pass; user unknown[0m
Sep 24 13:34:14 vmi2705132.contaboserver.net sshd[1256271]: [0;1;39m[0;1;31m[0;1;39mpam_unix(sshd:auth): authentication failure; logname= uid=0 euid=0 tty=ssh ruser= rhost=80.94.95.112[0m
Sep 24 13:34:15 vmi2705132.contaboserver.net sshd[1256269]: Invalid user arkserver from 43.225.159.158 port 54490
Sep 24 13:34:15 vmi2705132.contaboserver.net sshd[1256269]: [0;1;39m[0;1;31m[0;1;39mpam_unix(sshd:auth): check pass; user unknown[0m
Sep 24 13:34:15 vmi2705132.contaboserver.net sshd[1256269]: [0;1;39m[0;1;31m[0;1;39mpam_unix(sshd:auth): authentication failure; logname= uid=0 euid=0 tty=ssh ruser= rhost=43.225.159.158[0m
Sep 24 13:34:16 vmi2705132.contaboserver.net sshd[1256271]: Failed password for invalid user user from 80.94.95.112 port 63142 ssh2
Sep 24 13:34:16 vmi2705132.contaboserver.net sshd[1256269]: Failed password for invalid user arkserver from 43.225.159.158 port 54490 ssh2
Sep 24 13:34:17 vmi2705132.contaboserver.net sshd[1256271]: [0;1;39m[0;1;31m[0;1;39mpam_unix(sshd:auth): check pass; user unknown[0m
Sep 24 13:34:17 vmi2705132.contaboserver.net sshd[1256269]: Received disconnect from 43.225.159.158 port 54490:11: Bye Bye [preauth]
Sep 24 13:34:17 vmi2705132.contaboserver.net sshd[1256269]: Disconnected from invalid user arkserver 43.225.159.158 port 54490 [preauth]
Sep 24 13:34:17 vmi2705132.contaboserver.net sshd[1256273]: Invalid user tunneluser from 105.247.69.196 port 59214
Sep 24 13:34:18 vmi2705132.contaboserver.net sshd[1256273]: [0;1;39m[0;1;31m[0;1;39mpam_unix(sshd:auth): check pass; user unknown[0m
Sep 24 13:34:18 vmi2705132.contaboserver.net sshd[1256273]: [0;1;39m[0;1;31m[0;1;39mpam_unix(sshd:auth): authentication failure; logname= uid=0 euid=0 tty=ssh ruser= rhost=105.247.69.196[0m
Sep 24 13:34:19 vmi2705132.contaboserver.net sshd[1256271]: Failed password for invalid user user from 80.94.95.112 port 63142 ssh2
Sep 24 13:34:20 vmi2705132.contaboserver.net sshd[1256273]: Failed password for invalid user tunneluser from 105.247.69.196 port 59214 ssh2
Sep 24 13:34:21 vmi2705132.contaboserver.net sshd[1256271]: [0;1;39m[0;1;31m[0;1;39mpam_unix(sshd:auth): check pass; user unknown[0m
Sep 24 13:34:21 vmi2705132.contaboserver.net kernel: [0;1;38;5;185m[0;1;39m[0;1;38;5;185m[UFW BLOCK] IN=eth0 OUT= MAC=00:50:56:5b:c9:b3:c0:69:11:cd:1b:b9:08:00 SRC=79.124.59.130 DST=161.97.100.37 LEN=40 TOS=0x00 PREC=0x00 TTL=247 ID=29678 PROTO=TCP SPT=41356 DPT=41696 WINDOW=1024 RES=0x00 SYN URGP=0 [0m
Sep 24 13:34:22 vmi2705132.contaboserver.net sshd[1256273]: Received disconnect from 105.247.69.196 port 59214:11: Bye Bye [preauth]
Sep 24 13:34:22 vmi2705132.contaboserver.net sshd[1256273]: Disconnected from invalid user tunneluser 105.247.69.196 port 59214 [preauth]
Sep 24 13:34:23 vmi2705132.contaboserver.net sshd[1256271]: Failed password for invalid user user from 80.94.95.112 port 63142 ssh2
Sep 24 13:34:23 vmi2705132.contaboserver.net sshd[1256271]: [0;1;39m[0;1;31m[0;1;39mpam_unix(sshd:auth): check pass; user unknown[0m
Sep 24 13:34:24 vmi2705132.contaboserver.net sshd[1256277]: Invalid user sham from 89.111.131.103 port 45616
Sep 24 13:34:24 vmi2705132.contaboserver.net sshd[1256277]: [0;1;39m[0;1;31m[0;1;39mpam_unix(sshd:auth): check pass; user unknown[0m
Sep 24 13:34:24 vmi2705132.contaboserver.net sshd[1256277]: [0;1;39m[0;1;31m[0;1;39mpam_unix(sshd:auth): authentication failure; logname= uid=0 euid=0 tty=ssh ruser= rhost=89.111.131.103[0m
Sep 24 13:34:24 vmi2705132.contaboserver.net sshd[1256275]: Invalid user group1 from 14.63.198.239 port 40360
Sep 24 13:34:24 vmi2705132.contaboserver.net sshd[1256275]: [0;1;39m[0;1;31m[0;1;39mpam_unix(sshd:auth): check pass; user unknown[0m
Sep 24 13:34:24 vmi2705132.contaboserver.net sshd[1256275]: [0;1;39m[0;1;31m[0;1;39mpam_unix(sshd:auth): authentication failure; logname= uid=0 euid=0 tty=ssh ruser= rhost=14.63.198.239[0m
Sep 24 13:34:25 vmi2705132.contaboserver.net sshd[1256271]: Failed password for invalid user user from 80.94.95.112 port 63142 ssh2
Sep 24 13:34:25 vmi2705132.contaboserver.net sshd[1256271]: [0;1;39m[0;1;31m[0;1;39mpam_unix(sshd:auth): check pass; user unknown[0m
Sep 24 13:34:26 vmi2705132.contaboserver.net sshd[1256277]: Failed password for invalid user sham from 89.111.131.103 port 45616 ssh2
Sep 24 13:34:26 vmi2705132.contaboserver.net sshd[1256275]: Failed password for invalid user group1 from 14.63.198.239 port 40360 ssh2
Sep 24 13:34:26 vmi2705132.contaboserver.net sshd[1256281]: [0;1;39m[0;1;31m[0;1;39mpam_unix(sshd:auth): authentication failure; logname= uid=0 euid=0 tty=ssh ruser= rhost=188.166.169.185  user=root[0m
Sep 24 13:34:26 vmi2705132.contaboserver.net sshd[1256271]: Failed password for invalid user user from 80.94.95.112 port 63142 ssh2
Sep 24 13:34:27 vmi2705132.contaboserver.net sshd[1256275]: Received disconnect from 14.63.198.239 port 40360:11: Bye Bye [preauth]
Sep 24 13:34:27 vmi2705132.contaboserver.net sshd[1256275]: Disconnected from invalid user group1 14.63.198.239 port 40360 [preauth]
